********************************************************************************
TMS320C6x Hex Converter                                                   v7.4.8
********************************************************************************

INPUT FILE NAME: <C:/ngraves2/repository/FP/FPProject\debug\FP.out>
OUTPUT FORMAT:   Binary

PHYSICAL MEMORY PARAMETERS
   Default data width   :   8
   Default memory width :   8
   Default output width :   8

BOOT LOADER PARAMETERS
   Table Address: 0x0000, PAGE 0
   Entry Point  : 0x1182b1c0


OUTPUT TRANSLATION MAP
--------------------------------------------------------------------------------
00000000..0003ffff  Page=0  Memory Width=8  ROM Width=8  "SPIFLASH"
--------------------------------------------------------------------------------
   OUTPUT FILES: C:/ngraves2/repository/FP/FPProject\..\FP.bin [b0..b7]

   CONTENTS: 00000000..0001f65f   BOOT TABLE
                         .hwi_vec : btad=00000000  dest=1182c000 size=00000200
                            .bios : btad=0000020c  dest=1181d5a0 size=00004500
                           .pinit : btad=00004714  dest=118264b4 size=0000000c
                            .text : btad=00004728  dest=11800000 size=00016580
                           .cinit : btad=0001acb0  dest=11821aa0 size=00002a14
                          .switch : btad=0001d6cc  dest=1182c8e4 size=0000007c
                         .gblinit : btad=0001d750  dest=1182c960 size=00000070
                         .sysinit : btad=0001d7c8  dest=1182aea0 size=00000500
                         .trcdata : btad=0001dcd0  dest=1182ae94 size=0000000c
                       .rtdx_text : btad=0001dce4  dest=118264c0 size=00000fc0
                           .const : btad=0001ecac  dest=1182a800 size=00000694
                            .args : btad=0001f348  dest=118287f8 size=00000004
                           .trace : btad=0001f354  dest=1182bcb8 size=00000200
                             .log : btad=0001f55c  dest=1182ca4c size=00000030
                             .sts : btad=0001f594  dest=1182c824 size=000000c0
