<?xml version="1.0"?>
<link_info>
   <banner>TMS320C6x Linker PC v7.4.8</banner>
   <copyright>Copyright (c) 1996-2014 Texas Instruments Incorporated</copyright>
   <link_time>0x554a8a81</link_time>
   <output_file>FP.out</output_file>
   <entry_point>
      <name>_c_int00</name>
      <address>0x1182b940</address>
   </entry_point>
   <input_file_list>
      <input_file id="fl-a">
         <path>.\</path>
         <kind>object</kind>
         <file>user_xy.obj</file>
         <name>user_xy.obj</name>
      </input_file>
      <input_file id="fl-b">
         <path>.\</path>
         <kind>object</kind>
         <file>user_FP.obj</file>
         <name>user_FP.obj</name>
      </input_file>
      <input_file id="fl-c">
         <path>.\</path>
         <kind>object</kind>
         <file>pru.obj</file>
         <name>pru.obj</name>
      </input_file>
      <input_file id="fl-d">
         <path>.\</path>
         <kind>object</kind>
         <file>MatrixMath.obj</file>
         <name>MatrixMath.obj</name>
      </input_file>
      <input_file id="fl-e">
         <path>.\</path>
         <kind>object</kind>
         <file>Ladar.obj</file>
         <name>Ladar.obj</name>
      </input_file>
      <input_file id="fl-f">
         <path>.\</path>
         <kind>object</kind>
         <file>LCDprintf.obj</file>
         <name>LCDprintf.obj</name>
      </input_file>
      <input_file id="fl-10">
         <path>.\</path>
         <kind>object</kind>
         <file>FPcfg_c.obj</file>
         <name>FPcfg_c.obj</name>
      </input_file>
      <input_file id="fl-11">
         <path>.\</path>
         <kind>object</kind>
         <file>FPcfg.obj</file>
         <name>FPcfg.obj</name>
      </input_file>
      <input_file id="fl-12">
         <path>.\</path>
         <kind>object</kind>
         <file>ColorVision.obj</file>
         <name>ColorVision.obj</name>
      </input_file>
      <input_file id="fl-13">
         <path>.\</path>
         <kind>object</kind>
         <file>ColorLCD.obj</file>
         <name>ColorLCD.obj</name>
      </input_file>
      <input_file id="fl-14">
         <path>.\</path>
         <kind>object</kind>
         <file>COECSL_mcbsp.obj</file>
         <name>COECSL_mcbsp.obj</name>
      </input_file>
      <input_file id="fl-15">
         <path>.\</path>
         <kind>object</kind>
         <file>COECSL_edma3.obj</file>
         <name>COECSL_edma3.obj</name>
      </input_file>
      <input_file id="fl-92">
         <path>C:\CCStudio_v6.0\bios_5_42_01_09\packages\ti\bios\lib\</path>
         <kind>archive</kind>
         <file>bios.a674</file>
         <name>biosdata.o674</name>
      </input_file>
      <input_file id="fl-93">
         <path>C:\CCStudio_v6.0\bios_5_42_01_09\packages\ti\bios\lib\</path>
         <kind>archive</kind>
         <file>bios.a674</file>
         <name>hwi_disp_asm.o674</name>
      </input_file>
      <input_file id="fl-94">
         <path>C:\CCStudio_v6.0\bios_5_42_01_09\packages\ti\bios\lib\</path>
         <kind>archive</kind>
         <file>bios.a674</file>
         <name>idl_stub.o674</name>
      </input_file>
      <input_file id="fl-95">
         <path>C:\CCStudio_v6.0\bios_5_42_01_09\packages\ti\bios\lib\</path>
         <kind>archive</kind>
         <file>lnkrtdx.a674</file>
         <name>rtdx.o674</name>
      </input_file>
      <input_file id="fl-96">
         <path>C:\CCStudio_v6.0\bios_5_42_01_09\packages\ti\bios\lib\</path>
         <kind>archive</kind>
         <file>bios.a674</file>
         <name>swi.o674</name>
      </input_file>
      <input_file id="fl-97">
         <path>C:\CCStudio_v6.0\bios_5_42_01_09\packages\ti\bios\lib\</path>
         <kind>archive</kind>
         <file>bios6748.a674</file>
         <name>bcache_init.o674</name>
      </input_file>
      <input_file id="fl-98">
         <path>C:\CCStudio_v6.0\bios_5_42_01_09\packages\ti\bios\lib\</path>
         <kind>archive</kind>
         <file>bios6748.a674</file>
         <name>clk_gethtime.o674</name>
      </input_file>
      <input_file id="fl-99">
         <path>C:\CCStudio_v6.0\bios_5_42_01_09\packages\ti\bios\lib\</path>
         <kind>archive</kind>
         <file>bios.a674</file>
         <name>fxn_c.o674</name>
      </input_file>
      <input_file id="fl-9a">
         <path>C:\CCStudio_v6.0\bios_5_42_01_09\packages\ti\bios\lib\</path>
         <kind>archive</kind>
         <file>bios.a674</file>
         <name>knl_tick.o674</name>
      </input_file>
      <input_file id="fl-9b">
         <path>C:\CCStudio_v6.0\bios_5_42_01_09\packages\ti\bios\lib\</path>
         <kind>archive</kind>
         <file>bios.a674</file>
         <name>utl_doab.o674</name>
      </input_file>
      <input_file id="fl-9c">
         <path>C:\CCStudio_v6.0\bios_5_42_01_09\packages\ti\bios\lib\</path>
         <kind>archive</kind>
         <file>bios.a674</file>
         <name>utl_doer.o674</name>
      </input_file>
      <input_file id="fl-9d">
         <path>C:\CCStudio_v6.0\bios_5_42_01_09\packages\ti\bios\lib\</path>
         <kind>archive</kind>
         <file>bios.a674</file>
         <name>utl_putc.o674</name>
      </input_file>
      <input_file id="fl-9e">
         <path>C:\CCStudio_v6.0\bios_5_42_01_09\packages\ti\bios\lib\</path>
         <kind>archive</kind>
         <file>bios.a674</file>
         <name>utl_halt.o674</name>
      </input_file>
      <input_file id="fl-9f">
         <path>C:\CCStudio_v6.0\bios_5_42_01_09\packages\ti\bios\lib\</path>
         <kind>archive</kind>
         <file>bios6748.a674</file>
         <name>clk.o674</name>
      </input_file>
      <input_file id="fl-a0">
         <path>C:\CCStudio_v6.0\bios_5_42_01_09\packages\ti\bios\lib\</path>
         <kind>archive</kind>
         <file>bios.a674</file>
         <name>fxn.o674</name>
      </input_file>
      <input_file id="fl-a1">
         <path>C:\CCStudio_v6.0\bios_5_42_01_09\packages\ti\bios\lib\</path>
         <kind>archive</kind>
         <file>bios.a674</file>
         <name>boot.o674</name>
      </input_file>
      <input_file id="fl-a2">
         <path>C:\CCStudio_v6.0\bios_5_42_01_09\packages\ti\bios\lib\</path>
         <kind>archive</kind>
         <file>bios.a674</file>
         <name>trc.o674</name>
      </input_file>
      <input_file id="fl-a3">
         <path>C:\CCStudio_v6.0\bios_5_42_01_09\packages\ti\bios\lib\</path>
         <kind>archive</kind>
         <file>bios.a674</file>
         <name>hwi.o674</name>
      </input_file>
      <input_file id="fl-a4">
         <path>C:\CCStudio_v6.0\bios_5_42_01_09\packages\ti\bios\lib\</path>
         <kind>archive</kind>
         <file>bios.a674</file>
         <name>idl_busy.o674</name>
      </input_file>
      <input_file id="fl-a5">
         <path>C:\CCStudio_v6.0\bios_5_42_01_09\packages\ti\bios\lib\</path>
         <kind>archive</kind>
         <file>bios6748.a674</file>
         <name>idl_cal.o674</name>
      </input_file>
      <input_file id="fl-a6">
         <path>C:\CCStudio_v6.0\bios_5_42_01_09\packages\ti\bios\lib\</path>
         <kind>archive</kind>
         <file>bios.a674</file>
         <name>idl.o674</name>
      </input_file>
      <input_file id="fl-a7">
         <path>C:\CCStudio_v6.0\bios_5_42_01_09\packages\ti\bios\lib\</path>
         <kind>archive</kind>
         <file>bios.a674</file>
         <name>knl_swit.o674</name>
      </input_file>
      <input_file id="fl-a8">
         <path>C:\CCStudio_v6.0\bios_5_42_01_09\packages\ti\bios\lib\</path>
         <kind>archive</kind>
         <file>bios.a674</file>
         <name>log.o674</name>
      </input_file>
      <input_file id="fl-a9">
         <path>C:\CCStudio_v6.0\bios_5_42_01_09\packages\ti\bios\lib\</path>
         <kind>archive</kind>
         <file>bios.a674</file>
         <name>pip.o674</name>
      </input_file>
      <input_file id="fl-aa">
         <path>C:\CCStudio_v6.0\bios_5_42_01_09\packages\ti\bios\lib\</path>
         <kind>archive</kind>
         <file>bios.a674</file>
         <name>prd.o674</name>
      </input_file>
      <input_file id="fl-ab">
         <path>C:\CCStudio_v6.0\bios_5_42_01_09\packages\ti\bios\lib\</path>
         <kind>archive</kind>
         <file>bios.a674</file>
         <name>rta.o674</name>
      </input_file>
      <input_file id="fl-ac">
         <path>C:\CCStudio_v6.0\bios_5_42_01_09\packages\ti\bios\lib\</path>
         <kind>archive</kind>
         <file>bios.a674</file>
         <name>rta_andn.o674</name>
      </input_file>
      <input_file id="fl-ad">
         <path>C:\CCStudio_v6.0\bios_5_42_01_09\packages\ti\bios\lib\</path>
         <kind>archive</kind>
         <file>bios.a674</file>
         <name>sts.o674</name>
      </input_file>
      <input_file id="fl-ae">
         <path>C:\CCStudio_v6.0\bios_5_42_01_09\packages\ti\bios\lib\</path>
         <kind>archive</kind>
         <file>bios6748.a674</file>
         <name>bcache_block.o674</name>
      </input_file>
      <input_file id="fl-af">
         <path>C:\CCStudio_v6.0\bios_5_42_01_09\packages\ti\bios\lib\</path>
         <kind>archive</kind>
         <file>bios6748.a674</file>
         <name>bcache_wait.o674</name>
      </input_file>
      <input_file id="fl-b0">
         <path>C:\CCStudio_v6.0\bios_5_42_01_09\packages\ti\bios\lib\</path>
         <kind>archive</kind>
         <file>bios.a674</file>
         <name>clk_data.o674</name>
      </input_file>
      <input_file id="fl-b1">
         <path>C:\CCStudio_v6.0\bios_5_42_01_09\packages\ti\bios\lib\</path>
         <kind>archive</kind>
         <file>bios.a674</file>
         <name>clk_getltime.o674</name>
      </input_file>
      <input_file id="fl-b2">
         <path>C:\CCStudio_v6.0\bios_5_42_01_09\packages\ti\bios\lib\</path>
         <kind>archive</kind>
         <file>bios.a674</file>
         <name>clk_data2.o674</name>
      </input_file>
      <input_file id="fl-b3">
         <path>C:\CCStudio_v6.0\bios_5_42_01_09\packages\ti\bios\lib\</path>
         <kind>archive</kind>
         <file>bios6748.a674</file>
         <name>clk_data.o674</name>
      </input_file>
      <input_file id="fl-b4">
         <path>C:\CCStudio_v6.0\bios_5_42_01_09\packages\ti\bios\lib\</path>
         <kind>archive</kind>
         <file>bios6748.a674</file>
         <name>clk_meas.o674</name>
      </input_file>
      <input_file id="fl-b5">
         <path>C:\ngraves2\repository\bsl\lib\</path>
         <kind>archive</kind>
         <file>evmomapl138_bsl.lib</file>
         <name>evmomapl138.obj</name>
      </input_file>
      <input_file id="fl-b6">
         <path>C:\CCStudio_v6.0\bios_5_42_01_09\packages\ti\bios\lib\</path>
         <kind>archive</kind>
         <file>bios.a674</file>
         <name>exc_asm.o674</name>
      </input_file>
      <input_file id="fl-b7">
         <path>C:\CCStudio_v6.0\bios_5_42_01_09\packages\ti\bios\lib\</path>
         <kind>archive</kind>
         <file>bios.a674</file>
         <name>exc.o674</name>
      </input_file>
      <input_file id="fl-b8">
         <path>C:\CCStudio_v6.0\bios_5_42_01_09\packages\ti\bios\lib\</path>
         <kind>archive</kind>
         <file>bios.a674</file>
         <name>gbl_cacheinit64P.o674</name>
      </input_file>
      <input_file id="fl-b9">
         <path>C:\CCStudio_v6.0\bios_5_42_01_09\packages\ti\bios\lib\</path>
         <kind>archive</kind>
         <file>bios.a674</file>
         <name>gbl_vers.o674</name>
      </input_file>
      <input_file id="fl-ba">
         <path>C:\ngraves2\repository\bsl\lib\</path>
         <kind>archive</kind>
         <file>evmomapl138_bsl.lib</file>
         <name>evmomapl138_gpio.obj</name>
      </input_file>
      <input_file id="fl-bb">
         <path>C:\CCStudio_v6.0\bios_5_42_01_09\packages\ti\rtdx\lib\c6000\</path>
         <kind>archive</kind>
         <file>rtdx64xplus.lib</file>
         <name>rtdx_mon.o64P</name>
      </input_file>
      <input_file id="fl-bc">
         <path>C:\CCStudio_v6.0\bios_5_42_01_09\packages\ti\bios\lib\</path>
         <kind>archive</kind>
         <file>bios.a674</file>
         <name>hwi_c.o674</name>
      </input_file>
      <input_file id="fl-bd">
         <path>C:\ngraves2\repository\bsl\lib\</path>
         <kind>archive</kind>
         <file>evmomapl138_bsl.lib</file>
         <name>evmomapl138_i2c_gpio.obj</name>
      </input_file>
      <input_file id="fl-be">
         <path>C:\ngraves2\repository\bsl\lib\</path>
         <kind>archive</kind>
         <file>evmomapl138_bsl.lib</file>
         <name>evmomapl138_i2c.obj</name>
      </input_file>
      <input_file id="fl-bf">
         <path>C:\CCStudio_v6.0\bios_5_42_01_09\packages\ti\bios\lib\</path>
         <kind>archive</kind>
         <file>bios.a674</file>
         <name>knl.o674</name>
      </input_file>
      <input_file id="fl-c0">
         <path>C:\CCStudio_v6.0\bios_5_42_01_09\packages\ti\bios\lib\</path>
         <kind>archive</kind>
         <file>bios.a674</file>
         <name>knl_exit.o674</name>
      </input_file>
      <input_file id="fl-c1">
         <path>C:\CCStudio_v6.0\bios_5_42_01_09\packages\ti\bios\lib\</path>
         <kind>archive</kind>
         <file>bios.a674</file>
         <name>knl_chec.o674</name>
      </input_file>
      <input_file id="fl-c2">
         <path>C:\CCStudio_v6.0\bios_5_42_01_09\packages\ti\bios\lib\</path>
         <kind>archive</kind>
         <file>bios.a674</file>
         <name>knl_post.o674</name>
      </input_file>
      <input_file id="fl-c3">
         <path>C:\CCStudio_v6.0\bios_5_42_01_09\packages\ti\bios\lib\</path>
         <kind>archive</kind>
         <file>bios.a674</file>
         <name>knl_ipos.o674</name>
      </input_file>
      <input_file id="fl-c4">
         <path>C:\CCStudio_v6.0\bios_5_42_01_09\packages\ti\bios\lib\</path>
         <kind>archive</kind>
         <file>bios.a674</file>
         <name>knl_run.o674</name>
      </input_file>
      <input_file id="fl-c5">
         <path>C:\CCStudio_v6.0\bios_5_42_01_09\packages\ti\bios\lib\</path>
         <kind>archive</kind>
         <file>bios.a674</file>
         <name>mem_asm.o674</name>
      </input_file>
      <input_file id="fl-c6">
         <path>C:\CCStudio_v6.0\bios_5_42_01_09\packages\ti\bios\lib\</path>
         <kind>archive</kind>
         <file>bios.a674</file>
         <name>mem_init.o674</name>
      </input_file>
      <input_file id="fl-c7">
         <path>C:\CCStudio_v6.0\bios_5_42_01_09\packages\ti\bios\lib\</path>
         <kind>archive</kind>
         <file>bios.a674</file>
         <name>obj_init.o674</name>
      </input_file>
      <input_file id="fl-c8">
         <path>C:\CCStudio_v6.0\bios_5_42_01_09\packages\ti\rtdx\lib\c6000\</path>
         <kind>archive</kind>
         <file>rtdx64xplus.lib</file>
         <name>buffer2.o64P</name>
      </input_file>
      <input_file id="fl-c9">
         <path>C:\CCStudio_v6.0\bios_5_42_01_09\packages\ti\rtdx\lib\c6000\</path>
         <kind>archive</kind>
         <file>rtdx64xplus.lib</file>
         <name>buffer1.o64P</name>
      </input_file>
      <input_file id="fl-ca">
         <path>C:\CCStudio_v6.0\bios_5_42_01_09\packages\ti\rtdx\lib\c6000\</path>
         <kind>archive</kind>
         <file>rtdx64xplus.lib</file>
         <name>intr_tgt.o64P</name>
      </input_file>
      <input_file id="fl-cb">
         <path>C:\CCStudio_v6.0\bios_5_42_01_09\packages\ti\rtdx\lib\c6000\</path>
         <kind>archive</kind>
         <file>rtdx64xplus.lib</file>
         <name>memfill.o64P</name>
      </input_file>
      <input_file id="fl-cc">
         <path>C:\CCStudio_v6.0\bios_5_42_01_09\packages\ti\bios\lib\</path>
         <kind>archive</kind>
         <file>bios.a674</file>
         <name>sem_pend_counting.o674</name>
      </input_file>
      <input_file id="fl-cd">
         <path>C:\CCStudio_v6.0\bios_5_42_01_09\packages\ti\bios\lib\</path>
         <kind>archive</kind>
         <file>bios.a674</file>
         <name>sem_pend.o674</name>
      </input_file>
      <input_file id="fl-ce">
         <path>C:\CCStudio_v6.0\bios_5_42_01_09\packages\ti\bios\lib\</path>
         <kind>archive</kind>
         <file>bios.a674</file>
         <name>sem_post_asm.o674</name>
      </input_file>
      <input_file id="fl-cf">
         <path>C:\CCStudio_v6.0\bios_5_42_01_09\packages\ti\bios\lib\</path>
         <kind>archive</kind>
         <file>bios.a674</file>
         <name>sem_post.o674</name>
      </input_file>
      <input_file id="fl-d0">
         <path>C:\ngraves2\repository\bsl\lib\</path>
         <kind>archive</kind>
         <file>evmomapl138_bsl.lib</file>
         <name>evmomapl138_spi.obj</name>
      </input_file>
      <input_file id="fl-d1">
         <path>C:\CCStudio_v6.0\bios_5_42_01_09\packages\ti\bios\lib\</path>
         <kind>archive</kind>
         <file>bios.a674</file>
         <name>sts_set.o674</name>
      </input_file>
      <input_file id="fl-d2">
         <path>C:\CCStudio_v6.0\bios_5_42_01_09\packages\ti\bios\lib\</path>
         <kind>archive</kind>
         <file>bios.a674</file>
         <name>sys_abor.o674</name>
      </input_file>
      <input_file id="fl-d3">
         <path>C:\CCStudio_v6.0\bios_5_42_01_09\packages\ti\bios\lib\</path>
         <kind>archive</kind>
         <file>bios.a674</file>
         <name>tsk.o674</name>
      </input_file>
      <input_file id="fl-d4">
         <path>C:\CCStudio_v6.0\bios_5_42_01_09\packages\ti\bios\lib\</path>
         <kind>archive</kind>
         <file>bios.a674</file>
         <name>tsk_exit.o674</name>
      </input_file>
      <input_file id="fl-d5">
         <path>C:\CCStudio_v6.0\bios_5_42_01_09\packages\ti\bios\lib\</path>
         <kind>archive</kind>
         <file>bios.a674</file>
         <name>sys_exit.o674</name>
      </input_file>
      <input_file id="fl-d6">
         <path>C:\CCStudio_v6.0\bios_5_42_01_09\packages\ti\bios\lib\</path>
         <kind>archive</kind>
         <file>bios.a674</file>
         <name>sys.o674</name>
      </input_file>
      <input_file id="fl-d7">
         <path>C:\CCStudio_v6.0\bios_5_42_01_09\packages\ti\bios\lib\</path>
         <kind>archive</kind>
         <file>bios.a674</file>
         <name>tsk_init.o674</name>
      </input_file>
      <input_file id="fl-d8">
         <path>C:\CCStudio_v6.0\bios_5_42_01_09\packages\ti\bios\lib\</path>
         <kind>archive</kind>
         <file>bios.a674</file>
         <name>tsk_setu.o674</name>
      </input_file>
      <input_file id="fl-d9">
         <path>C:\CCStudio_v6.0\bios_5_42_01_09\packages\ti\bios\lib\</path>
         <kind>archive</kind>
         <file>bios.a674</file>
         <name>tsk_stup.o674</name>
      </input_file>
      <input_file id="fl-da">
         <path>C:\CCStudio_v6.0\bios_5_42_01_09\packages\ti\bios\lib\</path>
         <kind>archive</kind>
         <file>bios.a674</file>
         <name>lck.o674</name>
      </input_file>
      <input_file id="fl-db">
         <path>C:\ngraves2\repository\bsl\lib\</path>
         <kind>archive</kind>
         <file>evmomapl138_bsl.lib</file>
         <name>evmomapl138_uart.obj</name>
      </input_file>
      <input_file id="fl-dc">
         <path>C:\ngraves2\repository\bsl\lib\</path>
         <kind>archive</kind>
         <file>evmomapl138_bsl.lib</file>
         <name>evmomapl138_timer.obj</name>
      </input_file>
      <input_file id="fl-dd">
         <path>C:\ngraves2\repository\bsl\lib\</path>
         <kind>archive</kind>
         <file>evmomapl138_bsl.lib</file>
         <name>evmomapl138_vpif.obj</name>
      </input_file>
      <input_file id="fl-de">
         <path>C:\CCStudio_v6.0\bios_5_42_01_09\packages\ti\bios\lib\</path>
         <kind>archive</kind>
         <file>bios.a674</file>
         <name>sem_dopo.o674</name>
      </input_file>
      <input_file id="fl-df">
         <path>C:\CCStudio_v6.0\bios_5_42_01_09\packages\ti\bios\lib\</path>
         <kind>archive</kind>
         <file>bios.a674</file>
         <name>autoinit.o674</name>
      </input_file>
      <input_file id="fl-e0">
         <path>C:\CCStudio_v6.0\ccsv6\tools\compiler\c6000_7.4.8\lib\</path>
         <kind>archive</kind>
         <file>rts6740.lib</file>
         <name>divd.obj</name>
      </input_file>
      <input_file id="fl-e1">
         <path>C:\CCStudio_v6.0\ccsv6\tools\compiler\c6000_7.4.8\lib\</path>
         <kind>archive</kind>
         <file>rts6740.lib</file>
         <name>divf.obj</name>
      </input_file>
      <input_file id="fl-e2">
         <path>C:\CCStudio_v6.0\ccsv6\tools\compiler\c6000_7.4.8\lib\</path>
         <kind>archive</kind>
         <file>rts6740.lib</file>
         <name>divi.obj</name>
      </input_file>
      <input_file id="fl-e3">
         <path>C:\CCStudio_v6.0\ccsv6\tools\compiler\c6000_7.4.8\lib\</path>
         <kind>archive</kind>
         <file>rts6740.lib</file>
         <name>divu.obj</name>
      </input_file>
      <input_file id="fl-e4">
         <path>C:\CCStudio_v6.0\ccsv6\tools\compiler\c6000_7.4.8\lib\</path>
         <kind>archive</kind>
         <file>rts6740.lib</file>
         <name>frcmpyd_div.obj</name>
      </input_file>
      <input_file id="fl-e5">
         <path>C:\CCStudio_v6.0\ccsv6\tools\compiler\c6000_7.4.8\lib\</path>
         <kind>archive</kind>
         <file>rts6740.lib</file>
         <name>llshift.obj</name>
      </input_file>
      <input_file id="fl-e6">
         <path>C:\CCStudio_v6.0\ccsv6\tools\compiler\c6000_7.4.8\lib\</path>
         <kind>archive</kind>
         <file>rts6740.lib</file>
         <name>_lock.obj</name>
      </input_file>
      <input_file id="fl-e7">
         <path>C:\CCStudio_v6.0\ccsv6\tools\compiler\c6000_7.4.8\lib\</path>
         <kind>archive</kind>
         <file>rts6740.lib</file>
         <name>imath40.obj</name>
      </input_file>
      <input_file id="fl-e8">
         <path>C:\CCStudio_v6.0\ccsv6\tools\compiler\c6000_7.4.8\lib\</path>
         <kind>archive</kind>
         <file>rts6740.lib</file>
         <name>atan2f.obj</name>
      </input_file>
      <input_file id="fl-e9">
         <path>C:\CCStudio_v6.0\ccsv6\tools\compiler\c6000_7.4.8\lib\</path>
         <kind>archive</kind>
         <file>rts6740.lib</file>
         <name>atanf.obj</name>
      </input_file>
      <input_file id="fl-ea">
         <path>C:\CCStudio_v6.0\ccsv6\tools\compiler\c6000_7.4.8\lib\</path>
         <kind>archive</kind>
         <file>rts6740.lib</file>
         <name>atexit.obj</name>
      </input_file>
      <input_file id="fl-eb">
         <path>C:\CCStudio_v6.0\ccsv6\tools\compiler\c6000_7.4.8\lib\</path>
         <kind>archive</kind>
         <file>rts6740.lib</file>
         <name>sinit.obj</name>
      </input_file>
      <input_file id="fl-ec">
         <path>C:\CCStudio_v6.0\ccsv6\tools\compiler\c6000_7.4.8\lib\</path>
         <kind>archive</kind>
         <file>rts6740.lib</file>
         <name>exit.obj</name>
      </input_file>
      <input_file id="fl-ed">
         <path>C:\CCStudio_v6.0\ccsv6\tools\compiler\c6000_7.4.8\lib\</path>
         <kind>archive</kind>
         <file>rts6740.lib</file>
         <name>atoi.obj</name>
      </input_file>
      <input_file id="fl-ee">
         <path>C:\CCStudio_v6.0\ccsv6\tools\compiler\c6000_7.4.8\lib\</path>
         <kind>archive</kind>
         <file>rts6740.lib</file>
         <name>ctype.obj</name>
      </input_file>
      <input_file id="fl-ef">
         <path>C:\CCStudio_v6.0\ccsv6\tools\compiler\c6000_7.4.8\lib\</path>
         <kind>archive</kind>
         <file>rts6740.lib</file>
         <name>cos.obj</name>
      </input_file>
      <input_file id="fl-f0">
         <path>C:\CCStudio_v6.0\ccsv6\tools\compiler\c6000_7.4.8\lib\</path>
         <kind>archive</kind>
         <file>rts6740.lib</file>
         <name>round.obj</name>
      </input_file>
      <input_file id="fl-f1">
         <path>C:\CCStudio_v6.0\ccsv6\tools\compiler\c6000_7.4.8\lib\</path>
         <kind>archive</kind>
         <file>rts6740.lib</file>
         <name>trunc.obj</name>
      </input_file>
      <input_file id="fl-f2">
         <path>C:\CCStudio_v6.0\ccsv6\tools\compiler\c6000_7.4.8\lib\</path>
         <kind>archive</kind>
         <file>rts6740.lib</file>
         <name>cosf.obj</name>
      </input_file>
      <input_file id="fl-f3">
         <path>C:\CCStudio_v6.0\ccsv6\tools\compiler\c6000_7.4.8\lib\</path>
         <kind>archive</kind>
         <file>rts6740.lib</file>
         <name>roundf.obj</name>
      </input_file>
      <input_file id="fl-f4">
         <path>C:\CCStudio_v6.0\ccsv6\tools\compiler\c6000_7.4.8\lib\</path>
         <kind>archive</kind>
         <file>rts6740.lib</file>
         <name>truncf.obj</name>
      </input_file>
      <input_file id="fl-f5">
         <path>C:\CCStudio_v6.0\ccsv6\tools\compiler\c6000_7.4.8\lib\</path>
         <kind>archive</kind>
         <file>rts6740.lib</file>
         <name>errno.obj</name>
      </input_file>
      <input_file id="fl-f6">
         <path>C:\CCStudio_v6.0\ccsv6\tools\compiler\c6000_7.4.8\lib\</path>
         <kind>archive</kind>
         <file>rts6740.lib</file>
         <name>fmodf.obj</name>
      </input_file>
      <input_file id="fl-f7">
         <path>C:\CCStudio_v6.0\ccsv6\tools\compiler\c6000_7.4.8\lib\</path>
         <kind>archive</kind>
         <file>rts6740.lib</file>
         <name>frexpf.obj</name>
      </input_file>
      <input_file id="fl-f8">
         <path>C:\CCStudio_v6.0\ccsv6\tools\compiler\c6000_7.4.8\lib\</path>
         <kind>archive</kind>
         <file>rts6740.lib</file>
         <name>ldexpf.obj</name>
      </input_file>
      <input_file id="fl-f9">
         <path>C:\CCStudio_v6.0\ccsv6\tools\compiler\c6000_7.4.8\lib\</path>
         <kind>archive</kind>
         <file>rts6740.lib</file>
         <name>memcpy64.obj</name>
      </input_file>
      <input_file id="fl-fa">
         <path>C:\CCStudio_v6.0\ccsv6\tools\compiler\c6000_7.4.8\lib\</path>
         <kind>archive</kind>
         <file>rts6740.lib</file>
         <name>modf.obj</name>
      </input_file>
      <input_file id="fl-fb">
         <path>C:\CCStudio_v6.0\ccsv6\tools\compiler\c6000_7.4.8\lib\</path>
         <kind>archive</kind>
         <file>rts6740.lib</file>
         <name>modff.obj</name>
      </input_file>
      <input_file id="fl-fc">
         <path>C:\CCStudio_v6.0\ccsv6\tools\compiler\c6000_7.4.8\lib\</path>
         <kind>archive</kind>
         <file>rts6740.lib</file>
         <name>printf.obj</name>
      </input_file>
      <input_file id="fl-fd">
         <path>C:\CCStudio_v6.0\ccsv6\tools\compiler\c6000_7.4.8\lib\</path>
         <kind>archive</kind>
         <file>rts6740.lib</file>
         <name>defs.obj</name>
      </input_file>
      <input_file id="fl-fe">
         <path>C:\CCStudio_v6.0\ccsv6\tools\compiler\c6000_7.4.8\lib\</path>
         <kind>archive</kind>
         <file>rts6740.lib</file>
         <name>_printfi.obj</name>
      </input_file>
      <input_file id="fl-ff">
         <path>C:\CCStudio_v6.0\ccsv6\tools\compiler\c6000_7.4.8\lib\</path>
         <kind>archive</kind>
         <file>rts6740.lib</file>
         <name>isinf.obj</name>
      </input_file>
      <input_file id="fl-100">
         <path>C:\CCStudio_v6.0\ccsv6\tools\compiler\c6000_7.4.8\lib\</path>
         <kind>archive</kind>
         <file>rts6740.lib</file>
         <name>imath64.obj</name>
      </input_file>
      <input_file id="fl-101">
         <path>C:\CCStudio_v6.0\ccsv6\tools\compiler\c6000_7.4.8\lib\</path>
         <kind>archive</kind>
         <file>rts6740.lib</file>
         <name>fixdli.obj</name>
      </input_file>
      <input_file id="fl-102">
         <path>C:\CCStudio_v6.0\ccsv6\tools\compiler\c6000_7.4.8\lib\</path>
         <kind>archive</kind>
         <file>rts6740.lib</file>
         <name>fltlid.obj</name>
      </input_file>
      <input_file id="fl-103">
         <path>C:\CCStudio_v6.0\ccsv6\tools\compiler\c6000_7.4.8\lib\</path>
         <kind>archive</kind>
         <file>rts6740.lib</file>
         <name>negll.obj</name>
      </input_file>
      <input_file id="fl-104">
         <path>C:\CCStudio_v6.0\ccsv6\tools\compiler\c6000_7.4.8\lib\</path>
         <kind>archive</kind>
         <file>rts6740.lib</file>
         <name>fputc.obj</name>
      </input_file>
      <input_file id="fl-105">
         <path>C:\CCStudio_v6.0\ccsv6\tools\compiler\c6000_7.4.8\lib\</path>
         <kind>archive</kind>
         <file>rts6740.lib</file>
         <name>fflush.obj</name>
      </input_file>
      <input_file id="fl-106">
         <path>C:\CCStudio_v6.0\ccsv6\tools\compiler\c6000_7.4.8\lib\</path>
         <kind>archive</kind>
         <file>rts6740.lib</file>
         <name>_io_perm.obj</name>
      </input_file>
      <input_file id="fl-107">
         <path>C:\CCStudio_v6.0\ccsv6\tools\compiler\c6000_7.4.8\lib\</path>
         <kind>archive</kind>
         <file>rts6740.lib</file>
         <name>fputs.obj</name>
      </input_file>
      <input_file id="fl-108">
         <path>C:\CCStudio_v6.0\ccsv6\tools\compiler\c6000_7.4.8\lib\</path>
         <kind>archive</kind>
         <file>rts6740.lib</file>
         <name>fseek.obj</name>
      </input_file>
      <input_file id="fl-109">
         <path>C:\CCStudio_v6.0\ccsv6\tools\compiler\c6000_7.4.8\lib\</path>
         <kind>archive</kind>
         <file>rts6740.lib</file>
         <name>abs.obj</name>
      </input_file>
      <input_file id="fl-10a">
         <path>C:\CCStudio_v6.0\ccsv6\tools\compiler\c6000_7.4.8\lib\</path>
         <kind>archive</kind>
         <file>rts6740.lib</file>
         <name>lowlev.obj</name>
      </input_file>
      <input_file id="fl-10b">
         <path>C:\CCStudio_v6.0\ccsv6\tools\compiler\c6000_7.4.8\lib\</path>
         <kind>archive</kind>
         <file>rts6740.lib</file>
         <name>trgdrv.obj</name>
      </input_file>
      <input_file id="fl-10c">
         <path>C:\CCStudio_v6.0\ccsv6\tools\compiler\c6000_7.4.8\lib\</path>
         <kind>archive</kind>
         <file>rts6740.lib</file>
         <name>ltoa.obj</name>
      </input_file>
      <input_file id="fl-10d">
         <path>C:\CCStudio_v6.0\ccsv6\tools\compiler\c6000_7.4.8\lib\</path>
         <kind>archive</kind>
         <file>rts6740.lib</file>
         <name>memccpy.obj</name>
      </input_file>
      <input_file id="fl-10e">
         <path>C:\CCStudio_v6.0\ccsv6\tools\compiler\c6000_7.4.8\lib\</path>
         <kind>archive</kind>
         <file>rts6740.lib</file>
         <name>memset.obj</name>
      </input_file>
      <input_file id="fl-10f">
         <path>C:\CCStudio_v6.0\ccsv6\tools\compiler\c6000_7.4.8\lib\</path>
         <kind>archive</kind>
         <file>rts6740.lib</file>
         <name>trgmsg.obj</name>
      </input_file>
      <input_file id="fl-110">
         <path>C:\CCStudio_v6.0\ccsv6\tools\compiler\c6000_7.4.8\lib\</path>
         <kind>archive</kind>
         <file>rts6740.lib</file>
         <name>setvbuf.obj</name>
      </input_file>
      <input_file id="fl-111">
         <path>C:\CCStudio_v6.0\ccsv6\tools\compiler\c6000_7.4.8\lib\</path>
         <kind>archive</kind>
         <file>rts6740.lib</file>
         <name>fopen.obj</name>
      </input_file>
      <input_file id="fl-112">
         <path>C:\CCStudio_v6.0\ccsv6\tools\compiler\c6000_7.4.8\lib\</path>
         <kind>archive</kind>
         <file>rts6740.lib</file>
         <name>fclose.obj</name>
      </input_file>
      <input_file id="fl-113">
         <path>C:\CCStudio_v6.0\bios_5_42_01_09\packages\ti\bios\lib\</path>
         <kind>archive</kind>
         <file>bios.a674</file>
         <name>malloc.o674</name>
      </input_file>
      <input_file id="fl-114">
         <path>C:\CCStudio_v6.0\bios_5_42_01_09\packages\ti\bios\lib\</path>
         <kind>archive</kind>
         <file>bios.a674</file>
         <name>mem_allo.o674</name>
      </input_file>
      <input_file id="fl-115">
         <path>C:\CCStudio_v6.0\bios_5_42_01_09\packages\ti\bios\lib\</path>
         <kind>archive</kind>
         <file>bios.a674</file>
         <name>mem_free.o674</name>
      </input_file>
      <input_file id="fl-116">
         <path>C:\CCStudio_v6.0\bios_5_42_01_09\packages\ti\bios\lib\</path>
         <kind>archive</kind>
         <file>bios.a674</file>
         <name>sys_erro.o674</name>
      </input_file>
      <input_file id="fl-117">
         <path>C:\CCStudio_v6.0\ccsv6\tools\compiler\c6000_7.4.8\lib\</path>
         <kind>archive</kind>
         <file>rts6740.lib</file>
         <name>remove.obj</name>
      </input_file>
      <input_file id="fl-118">
         <path>C:\CCStudio_v6.0\ccsv6\tools\compiler\c6000_7.4.8\lib\</path>
         <kind>archive</kind>
         <file>rts6740.lib</file>
         <name>sin.obj</name>
      </input_file>
      <input_file id="fl-119">
         <path>C:\CCStudio_v6.0\ccsv6\tools\compiler\c6000_7.4.8\lib\</path>
         <kind>archive</kind>
         <file>rts6740.lib</file>
         <name>sinf.obj</name>
      </input_file>
      <input_file id="fl-11a">
         <path>C:\CCStudio_v6.0\ccsv6\tools\compiler\c6000_7.4.8\lib\</path>
         <kind>archive</kind>
         <file>rts6740.lib</file>
         <name>sprintf.obj</name>
      </input_file>
      <input_file id="fl-11b">
         <path>C:\CCStudio_v6.0\ccsv6\tools\compiler\c6000_7.4.8\lib\</path>
         <kind>archive</kind>
         <file>rts6740.lib</file>
         <name>sqrtf.obj</name>
      </input_file>
      <input_file id="fl-11c">
         <path>C:\CCStudio_v6.0\ccsv6\tools\compiler\c6000_7.4.8\lib\</path>
         <kind>archive</kind>
         <file>rts6740.lib</file>
         <name>sscanf.obj</name>
      </input_file>
      <input_file id="fl-11d">
         <path>C:\CCStudio_v6.0\ccsv6\tools\compiler\c6000_7.4.8\lib\</path>
         <kind>archive</kind>
         <file>rts6740.lib</file>
         <name>_scanfi.obj</name>
      </input_file>
      <input_file id="fl-11e">
         <path>C:\CCStudio_v6.0\ccsv6\tools\compiler\c6000_7.4.8\lib\</path>
         <kind>archive</kind>
         <file>rts6740.lib</file>
         <name>strtod.obj</name>
      </input_file>
      <input_file id="fl-11f">
         <path>C:\CCStudio_v6.0\ccsv6\tools\compiler\c6000_7.4.8\lib\</path>
         <kind>archive</kind>
         <file>rts6740.lib</file>
         <name>strtol.obj</name>
      </input_file>
      <input_file id="fl-120">
         <path>C:\CCStudio_v6.0\ccsv6\tools\compiler\c6000_7.4.8\lib\</path>
         <kind>archive</kind>
         <file>rts6740.lib</file>
         <name>strtold.obj</name>
      </input_file>
      <input_file id="fl-121">
         <path>C:\CCStudio_v6.0\ccsv6\tools\compiler\c6000_7.4.8\lib\</path>
         <kind>archive</kind>
         <file>rts6740.lib</file>
         <name>strtoll.obj</name>
      </input_file>
      <input_file id="fl-122">
         <path>C:\CCStudio_v6.0\ccsv6\tools\compiler\c6000_7.4.8\lib\</path>
         <kind>archive</kind>
         <file>rts6740.lib</file>
         <name>strtoul.obj</name>
      </input_file>
      <input_file id="fl-123">
         <path>C:\CCStudio_v6.0\ccsv6\tools\compiler\c6000_7.4.8\lib\</path>
         <kind>archive</kind>
         <file>rts6740.lib</file>
         <name>strtoull.obj</name>
      </input_file>
      <input_file id="fl-124">
         <path>C:\CCStudio_v6.0\ccsv6\tools\compiler\c6000_7.4.8\lib\</path>
         <kind>archive</kind>
         <file>rts6740.lib</file>
         <name>vsprintf.obj</name>
      </input_file>
   </input_file_list>
   <object_component_list>
      <object_component id="oc-96">
         <name>.vers</name>
         <load_address>0x0</load_address>
         <run_address>0x0</run_address>
         <size>0x38</size>
         <input_file_ref idref="fl-11"/>
      </object_component>
      <object_component id="oc-80">
         <name>.clk</name>
         <uninitialized>true</uninitialized>
         <run_address>0x1181d7d8</run_address>
         <size>0x8</size>
         <input_file_ref idref="fl-11"/>
      </object_component>
      <object_component id="oc-81">
         <name>.prd</name>
         <uninitialized>true</uninitialized>
         <run_address>0x118287a0</run_address>
         <size>0x40</size>
         <input_file_ref idref="fl-11"/>
      </object_component>
      <object_component id="oc-89">
         <name>.swi</name>
         <uninitialized>true</uninitialized>
         <run_address>0x1182ca20</run_address>
         <size>0xdc</size>
         <input_file_ref idref="fl-11"/>
      </object_component>
      <object_component id="oc-8a">
         <name>.tsk</name>
         <uninitialized>true</uninitialized>
         <run_address>0x1182c234</run_address>
         <size>0x180</size>
         <input_file_ref idref="fl-11"/>
      </object_component>
      <object_component id="oc-90">
         <name>.idl</name>
         <uninitialized>true</uninitialized>
         <run_address>0x118287e0</run_address>
         <size>0x10</size>
         <input_file_ref idref="fl-11"/>
      </object_component>
      <object_component id="oc-8f">
         <name>.idlcal</name>
         <uninitialized>true</uninitialized>
         <run_address>0x118287f0</run_address>
         <size>0x10</size>
         <input_file_ref idref="fl-11"/>
      </object_component>
      <object_component id="oc-4f">
         <name>.bss</name>
         <uninitialized>true</uninitialized>
         <run_address>0x1182ae88</run_address>
         <size>0x38</size>
         <input_file_ref idref="fl-11"/>
      </object_component>
      <object_component id="oc-5b">
         <name>.bss</name>
         <uninitialized>true</uninitialized>
         <run_address>0x1182a800</run_address>
         <size>0x1c4</size>
         <input_file_ref idref="fl-b"/>
      </object_component>
      <object_component id="oc-6b">
         <name>.bss</name>
         <uninitialized>true</uninitialized>
         <run_address>0x1182ad9c</run_address>
         <size>0x6c</size>
         <input_file_ref idref="fl-e"/>
      </object_component>
      <object_component id="oc-73">
         <name>.bss</name>
         <uninitialized>true</uninitialized>
         <run_address>0x1182af58</run_address>
         <size>0x8</size>
         <input_file_ref idref="fl-f"/>
      </object_component>
      <object_component id="oc-9a">
         <name>.bss</name>
         <uninitialized>true</uninitialized>
         <run_address>0x1182aac4</run_address>
         <size>0xe8</size>
         <input_file_ref idref="fl-12"/>
      </object_component>
      <object_component id="oc-a1">
         <name>.bss</name>
         <uninitialized>true</uninitialized>
         <run_address>0x1182af4c</run_address>
         <size>0xb</size>
         <input_file_ref idref="fl-13"/>
      </object_component>
      <object_component id="oc-a8">
         <name>.bss</name>
         <uninitialized>true</uninitialized>
         <run_address>0x1182ae50</run_address>
         <size>0x38</size>
         <input_file_ref idref="fl-14"/>
      </object_component>
      <object_component id="oc-af">
         <name>.bss</name>
         <uninitialized>true</uninitialized>
         <run_address>0x1182ad14</run_address>
         <size>0x88</size>
         <input_file_ref idref="fl-15"/>
      </object_component>
      <object_component id="oc-b6">
         <name>.bss</name>
         <uninitialized>true</uninitialized>
         <run_address>0x1182abac</run_address>
         <size>0xcc</size>
         <input_file_ref idref="fl-92"/>
      </object_component>
      <object_component id="oc-b8">
         <name>.bss</name>
         <uninitialized>true</uninitialized>
         <run_address>0x1182a9c4</run_address>
         <size>0x100</size>
         <input_file_ref idref="fl-93"/>
      </object_component>
      <object_component id="oc-bf">
         <name>.bss</name>
         <uninitialized>true</uninitialized>
         <run_address>0x1182aef8</run_address>
         <size>0x18</size>
         <input_file_ref idref="fl-95"/>
      </object_component>
      <object_component id="oc-c5">
         <name>.bss</name>
         <uninitialized>true</uninitialized>
         <run_address>0x1182ac78</run_address>
         <size>0x9c</size>
         <input_file_ref idref="fl-96"/>
      </object_component>
      <object_component id="oc-f6">
         <name>.bss</name>
         <uninitialized>true</uninitialized>
         <run_address>0x1182aee0</run_address>
         <size>0x18</size>
         <input_file_ref idref="fl-a3"/>
      </object_component>
      <object_component id="oc-f8">
         <name>.bss</name>
         <uninitialized>true</uninitialized>
         <run_address>0x1182af74</run_address>
         <size>0x4</size>
         <input_file_ref idref="fl-a4"/>
      </object_component>
      <object_component id="oc-12c">
         <name>.bss</name>
         <uninitialized>true</uninitialized>
         <run_address>0x1182af60</run_address>
         <size>0x8</size>
         <input_file_ref idref="fl-b0"/>
      </object_component>
      <object_component id="oc-133">
         <name>.bss</name>
         <uninitialized>true</uninitialized>
         <run_address>0x1182af70</run_address>
         <size>0x4</size>
         <input_file_ref idref="fl-b2"/>
      </object_component>
      <object_component id="oc-142">
         <name>.bss</name>
         <uninitialized>true</uninitialized>
         <run_address>0x1182aec0</run_address>
         <size>0x20</size>
         <input_file_ref idref="fl-b6"/>
      </object_component>
      <object_component id="oc-148">
         <name>.bss</name>
         <uninitialized>true</uninitialized>
         <run_address>0x1182af10</run_address>
         <size>0x10</size>
         <input_file_ref idref="fl-b7"/>
      </object_component>
      <object_component id="oc-15a">
         <name>.bss</name>
         <uninitialized>true</uninitialized>
         <run_address>0x1182af30</run_address>
         <size>0x10</size>
         <input_file_ref idref="fl-bb"/>
      </object_component>
      <object_component id="oc-16a">
         <name>.bss</name>
         <uninitialized>true</uninitialized>
         <run_address>0x1182af7c</run_address>
         <size>0x4</size>
         <input_file_ref idref="fl-be"/>
      </object_component>
      <object_component id="oc-16f">
         <name>.bss</name>
         <uninitialized>true</uninitialized>
         <run_address>0x1182ae08</run_address>
         <size>0x48</size>
         <input_file_ref idref="fl-bf"/>
      </object_component>
      <object_component id="oc-184">
         <name>.bss</name>
         <uninitialized>true</uninitialized>
         <run_address>0x1182af78</run_address>
         <size>0x4</size>
         <input_file_ref idref="fl-c5"/>
      </object_component>
      <object_component id="oc-190">
         <name>.bss</name>
         <uninitialized>true</uninitialized>
         <run_address>0x1182af20</run_address>
         <size>0x10</size>
         <input_file_ref idref="fl-c9"/>
      </object_component>
      <object_component id="oc-1b7">
         <name>.bss</name>
         <uninitialized>true</uninitialized>
         <run_address>0x1182af40</run_address>
         <size>0xc</size>
         <input_file_ref idref="fl-d3"/>
      </object_component>
      <object_component id="oc-1c3">
         <name>.bss</name>
         <uninitialized>true</uninitialized>
         <run_address>0x1182af68</run_address>
         <size>0x8</size>
         <input_file_ref idref="fl-d6"/>
      </object_component>
      <object_component id="oc-88">
         <name>.hwi_vec</name>
         <load_address>0x1182c400</load_address>
         <run_address>0x1182c400</run_address>
         <size>0x200</size>
         <input_file_ref idref="fl-11"/>
      </object_component>
      <object_component id="oc-5e">
         <name>.far</name>
         <uninitialized>true</uninitialized>
         <run_address>0x11816780</run_address>
         <size>0x2608</size>
         <input_file_ref idref="fl-b"/>
      </object_component>
      <object_component id="oc-6e">
         <name>.far</name>
         <uninitialized>true</uninitialized>
         <run_address>0x1181a7b0</run_address>
         <size>0x1620</size>
         <input_file_ref idref="fl-e"/>
      </object_component>
      <object_component id="oc-9d">
         <name>.far</name>
         <uninitialized>true</uninitialized>
         <run_address>0x11818d88</run_address>
         <size>0x1a24</size>
         <input_file_ref idref="fl-12"/>
      </object_component>
      <object_component id="oc-ab">
         <name>.far</name>
         <uninitialized>true</uninitialized>
         <run_address>0x1181d280</run_address>
         <size>0x168</size>
         <input_file_ref idref="fl-14"/>
      </object_component>
      <object_component id="oc-b2">
         <name>.far</name>
         <uninitialized>true</uninitialized>
         <run_address>0x1181bdd0</run_address>
         <size>0xfa0</size>
         <input_file_ref idref="fl-15"/>
      </object_component>
      <object_component id="oc-d5">
         <name>.far</name>
         <uninitialized>true</uninitialized>
         <run_address>0x1181d770</run_address>
         <size>0x10</size>
         <input_file_ref idref="fl-9a"/>
      </object_component>
      <object_component id="oc-e2">
         <name>.far</name>
         <uninitialized>true</uninitialized>
         <run_address>0x1181d7a0</run_address>
         <size>0xc</size>
         <input_file_ref idref="fl-9d"/>
      </object_component>
      <object_component id="oc-129">
         <name>.far</name>
         <uninitialized>true</uninitialized>
         <run_address>0x1181a7ac</run_address>
         <size>0x4</size>
         <input_file_ref idref="fl-af"/>
      </object_component>
      <object_component id="oc-137">
         <name>.far</name>
         <uninitialized>true</uninitialized>
         <run_address>0x1181d094</run_address>
         <size>0x4</size>
         <input_file_ref idref="fl-b3"/>
      </object_component>
      <object_component id="oc-14b">
         <name>.far</name>
         <uninitialized>true</uninitialized>
         <run_address>0x1181d760</run_address>
         <size>0x10</size>
         <input_file_ref idref="fl-b7"/>
      </object_component>
      <object_component id="oc-15e">
         <name>.far</name>
         <uninitialized>true</uninitialized>
         <run_address>0x1181d748</run_address>
         <size>0x18</size>
         <input_file_ref idref="fl-bb"/>
      </object_component>
      <object_component id="oc-172">
         <name>.far</name>
         <uninitialized>true</uninitialized>
         <run_address>0x1181d508</run_address>
         <size>0xd8</size>
         <input_file_ref idref="fl-bf"/>
      </object_component>
      <object_component id="oc-18a">
         <name>.far</name>
         <uninitialized>true</uninitialized>
         <run_address>0x1181d5e0</run_address>
         <size>0x54</size>
         <input_file_ref idref="fl-c7"/>
      </object_component>
      <object_component id="oc-1ba">
         <name>.far</name>
         <uninitialized>true</uninitialized>
         <run_address>0x1181d220</run_address>
         <size>0x5c</size>
         <input_file_ref idref="fl-d3"/>
      </object_component>
      <object_component id="oc-1c6">
         <name>.far</name>
         <uninitialized>true</uninitialized>
         <run_address>0x1181d708</run_address>
         <size>0x20</size>
         <input_file_ref idref="fl-d6"/>
      </object_component>
      <object_component id="oc-1d0">
         <name>.far</name>
         <uninitialized>true</uninitialized>
         <run_address>0x1181d634</run_address>
         <size>0x50</size>
         <input_file_ref idref="fl-d9"/>
      </object_component>
      <object_component id="oc-1fe">
         <name>.far</name>
         <uninitialized>true</uninitialized>
         <run_address>0x1181d7b8</run_address>
         <size>0x8</size>
         <input_file_ref idref="fl-e6"/>
      </object_component>
      <object_component id="oc-209">
         <name>.far</name>
         <uninitialized>true</uninitialized>
         <run_address>0x1181d728</run_address>
         <size>0x20</size>
         <input_file_ref idref="fl-e9"/>
      </object_component>
      <object_component id="oc-20e">
         <name>.far</name>
         <uninitialized>true</uninitialized>
         <run_address>0x1181d098</run_address>
         <size>0x188</size>
         <input_file_ref idref="fl-ea"/>
      </object_component>
      <object_component id="oc-213">
         <name>.far</name>
         <uninitialized>true</uninitialized>
         <run_address>0x1181d684</run_address>
         <size>0x4</size>
         <input_file_ref idref="fl-eb"/>
      </object_component>
      <object_component id="oc-218">
         <name>.far</name>
         <uninitialized>true</uninitialized>
         <run_address>0x1181d7ac</run_address>
         <size>0xc</size>
         <input_file_ref idref="fl-ec"/>
      </object_component>
      <object_component id="oc-222">
         <name>.far</name>
         <uninitialized>true</uninitialized>
         <run_address>0x1181d688</run_address>
         <size>0x40</size>
         <input_file_ref idref="fl-ef"/>
      </object_component>
      <object_component id="oc-22d">
         <name>.far</name>
         <uninitialized>true</uninitialized>
         <run_address>0x1181d780</run_address>
         <size>0x10</size>
         <input_file_ref idref="fl-f2"/>
      </object_component>
      <object_component id="oc-238">
         <name>.far</name>
         <uninitialized>true</uninitialized>
         <run_address>0x1181d27c</run_address>
         <size>0x4</size>
         <input_file_ref idref="fl-f5"/>
      </object_component>
      <object_component id="oc-251">
         <name>.far</name>
         <uninitialized>true</uninitialized>
         <run_address>0x1181cd70</run_address>
         <size>0x324</size>
         <input_file_ref idref="fl-fd"/>
      </object_component>
      <object_component id="oc-27b">
         <name>.far</name>
         <uninitialized>true</uninitialized>
         <run_address>0x1181d3e8</run_address>
         <size>0x11c</size>
         <input_file_ref idref="fl-10a"/>
      </object_component>
      <object_component id="oc-27f">
         <name>.far</name>
         <uninitialized>true</uninitialized>
         <run_address>0x1181d7c0</run_address>
         <size>0x8</size>
         <input_file_ref idref="fl-10b"/>
      </object_component>
      <object_component id="oc-294">
         <name>.far</name>
         <uninitialized>true</uninitialized>
         <run_address>0x1181d504</run_address>
         <size>0x4</size>
         <input_file_ref idref="fl-111"/>
      </object_component>
      <object_component id="oc-2ad">
         <name>.far</name>
         <uninitialized>true</uninitialized>
         <run_address>0x1181d6c8</run_address>
         <size>0x40</size>
         <input_file_ref idref="fl-118"/>
      </object_component>
      <object_component id="oc-2b2">
         <name>.far</name>
         <uninitialized>true</uninitialized>
         <run_address>0x1181d790</run_address>
         <size>0x10</size>
         <input_file_ref idref="fl-119"/>
      </object_component>
      <object_component id="oc-94">
         <name>.sem</name>
         <uninitialized>true</uninitialized>
         <run_address>0x1182cdb0</run_address>
         <size>0x2c</size>
         <input_file_ref idref="fl-11"/>
      </object_component>
      <object_component id="oc-7c">
         <name>.mem</name>
         <uninitialized>true</uninitialized>
         <run_address>0x1182bb30</run_address>
         <size>0x4</size>
         <input_file_ref idref="fl-11"/>
      </object_component>
      <object_component id="oc-c1">
         <name>.bios</name>
         <load_address>0x1181d7e0</load_address>
         <run_address>0x1181d7e0</run_address>
         <size>0x5c0</size>
         <input_file_ref idref="fl-95"/>
      </object_component>
      <object_component id="oc-2e7">
         <name>.bios</name>
         <load_address>0x1181dda0</load_address>
         <run_address>0x1181dda0</run_address>
         <size>0x580</size>
         <input_file_ref idref="fl-b7"/>
      </object_component>
      <object_component id="oc-50">
         <name>.bios</name>
         <load_address>0x1181e320</load_address>
         <run_address>0x1181e320</run_address>
         <size>0x4e0</size>
         <input_file_ref idref="fl-93"/>
      </object_component>
      <object_component id="oc-4e">
         <name>.bios</name>
         <load_address>0x1181e800</load_address>
         <run_address>0x1181e800</run_address>
         <size>0x4c0</size>
         <input_file_ref idref="fl-96"/>
      </object_component>
      <object_component id="oc-113">
         <name>.bios</name>
         <load_address>0x1181ecc0</load_address>
         <run_address>0x1181ecc0</run_address>
         <size>0x380</size>
         <input_file_ref idref="fl-aa"/>
      </object_component>
      <object_component id="oc-387">
         <name>.bios</name>
         <load_address>0x1181f040</load_address>
         <run_address>0x1181f040</run_address>
         <size>0x280</size>
         <input_file_ref idref="fl-113"/>
      </object_component>
      <object_component id="oc-118">
         <name>.bios</name>
         <load_address>0x1181f2c0</load_address>
         <run_address>0x1181f2c0</run_address>
         <size>0x280</size>
         <input_file_ref idref="fl-ab"/>
      </object_component>
      <object_component id="oc-2df">
         <name>.bios</name>
         <load_address>0x1181f540</load_address>
         <run_address>0x1181f540</run_address>
         <size>0x240</size>
         <input_file_ref idref="fl-c4"/>
      </object_component>
      <object_component id="oc-38d">
         <name>.bios:.near</name>
         <load_address>0x1181f780</load_address>
         <run_address>0x1181f780</run_address>
         <size>0x200</size>
         <input_file_ref idref="fl-114"/>
      </object_component>
      <object_component id="oc-53">
         <name>.bios</name>
         <load_address>0x1181f980</load_address>
         <run_address>0x1181f980</run_address>
         <size>0x200</size>
         <input_file_ref idref="fl-9a"/>
      </object_component>
      <object_component id="oc-38c">
         <name>.bios:.near</name>
         <load_address>0x1181fb80</load_address>
         <run_address>0x1181fb80</run_address>
         <size>0x1e0</size>
         <input_file_ref idref="fl-115"/>
      </object_component>
      <object_component id="oc-144">
         <name>.bios</name>
         <load_address>0x1181fd60</load_address>
         <run_address>0x1181fd60</run_address>
         <size>0x1e0</size>
         <input_file_ref idref="fl-b6"/>
      </object_component>
      <object_component id="oc-10f">
         <name>.bios</name>
         <load_address>0x1181ff40</load_address>
         <run_address>0x1181ff40</run_address>
         <size>0x1e0</size>
         <input_file_ref idref="fl-a9"/>
      </object_component>
      <object_component id="oc-2ef">
         <name>.bios</name>
         <load_address>0x11820120</load_address>
         <run_address>0x11820120</run_address>
         <size>0x1e0</size>
         <input_file_ref idref="fl-cd"/>
      </object_component>
      <object_component id="oc-2e4">
         <name>.bios</name>
         <load_address>0x11820300</load_address>
         <run_address>0x11820300</run_address>
         <size>0x1a0</size>
         <input_file_ref idref="fl-de"/>
      </object_component>
      <object_component id="oc-2e9">
         <name>.bios</name>
         <load_address>0x118204a0</load_address>
         <run_address>0x118204a0</run_address>
         <size>0x1a0</size>
         <input_file_ref idref="fl-d8"/>
      </object_component>
      <object_component id="oc-e8">
         <name>.bios</name>
         <load_address>0x11820640</load_address>
         <run_address>0x11820640</run_address>
         <size>0x1a0</size>
         <input_file_ref idref="fl-9f"/>
      </object_component>
      <object_component id="oc-107">
         <name>.bios</name>
         <load_address>0x118207e0</load_address>
         <run_address>0x118207e0</run_address>
         <size>0x180</size>
         <input_file_ref idref="fl-a7"/>
      </object_component>
      <object_component id="oc-30b">
         <name>.bios</name>
         <load_address>0x11820960</load_address>
         <run_address>0x11820960</run_address>
         <size>0x180</size>
         <input_file_ref idref="fl-ae"/>
      </object_component>
      <object_component id="oc-2d6">
         <name>.bios</name>
         <load_address>0x11820ae0</load_address>
         <run_address>0x11820ae0</run_address>
         <size>0x140</size>
         <input_file_ref idref="fl-df"/>
      </object_component>
      <object_component id="oc-2e2">
         <name>.bios</name>
         <load_address>0x11820c20</load_address>
         <run_address>0x11820c20</run_address>
         <size>0x140</size>
         <input_file_ref idref="fl-d4"/>
      </object_component>
      <object_component id="oc-31d">
         <name>.bios</name>
         <load_address>0x11820d60</load_address>
         <run_address>0x11820d60</run_address>
         <size>0x140</size>
         <input_file_ref idref="fl-97"/>
      </object_component>
      <object_component id="oc-2e5">
         <name>.bios</name>
         <load_address>0x11820ea0</load_address>
         <run_address>0x11820ea0</run_address>
         <size>0x120</size>
         <input_file_ref idref="fl-b8"/>
      </object_component>
      <object_component id="oc-177">
         <name>.bios</name>
         <load_address>0x11820fc0</load_address>
         <run_address>0x11820fc0</run_address>
         <size>0x120</size>
         <input_file_ref idref="fl-c1"/>
      </object_component>
      <object_component id="oc-2ea">
         <name>.bios</name>
         <load_address>0x118210e0</load_address>
         <run_address>0x118210e0</run_address>
         <size>0x120</size>
         <input_file_ref idref="fl-d9"/>
      </object_component>
      <object_component id="oc-1a5">
         <name>.bios</name>
         <load_address>0x11821200</load_address>
         <run_address>0x11821200</run_address>
         <size>0xe0</size>
         <input_file_ref idref="fl-ce"/>
      </object_component>
      <object_component id="oc-2e1">
         <name>.bios</name>
         <load_address>0x118212e0</load_address>
         <run_address>0x118212e0</run_address>
         <size>0xc0</size>
         <input_file_ref idref="fl-c0"/>
      </object_component>
      <object_component id="oc-2f1">
         <name>.bios</name>
         <load_address>0x118213a0</load_address>
         <run_address>0x118213a0</run_address>
         <size>0xa0</size>
         <input_file_ref idref="fl-cf"/>
      </object_component>
      <object_component id="oc-317">
         <name>.bios</name>
         <load_address>0x11821440</load_address>
         <run_address>0x11821440</run_address>
         <size>0xa0</size>
         <input_file_ref idref="fl-d5"/>
      </object_component>
      <object_component id="oc-2f0">
         <name>.bios</name>
         <load_address>0x118214e0</load_address>
         <run_address>0x118214e0</run_address>
         <size>0x80</size>
         <input_file_ref idref="fl-c3"/>
      </object_component>
      <object_component id="oc-2d8">
         <name>.bios</name>
         <load_address>0x11821560</load_address>
         <run_address>0x11821560</run_address>
         <size>0x80</size>
         <input_file_ref idref="fl-c2"/>
      </object_component>
      <object_component id="oc-31f">
         <name>.bios</name>
         <load_address>0x118215e0</load_address>
         <run_address>0x118215e0</run_address>
         <size>0x80</size>
         <input_file_ref idref="fl-da"/>
      </object_component>
      <object_component id="oc-10b">
         <name>.bios</name>
         <load_address>0x11821660</load_address>
         <run_address>0x11821660</run_address>
         <size>0x80</size>
         <input_file_ref idref="fl-a8"/>
      </object_component>
      <object_component id="oc-337">
         <name>.bios</name>
         <load_address>0x118216e0</load_address>
         <run_address>0x118216e0</run_address>
         <size>0x80</size>
         <input_file_ref idref="fl-af"/>
      </object_component>
      <object_component id="oc-fe">
         <name>.bios</name>
         <load_address>0x11821760</load_address>
         <run_address>0x11821760</run_address>
         <size>0x80</size>
         <input_file_ref idref="fl-a5"/>
      </object_component>
      <object_component id="oc-38f">
         <name>.bios:.near</name>
         <load_address>0x118217e0</load_address>
         <run_address>0x118217e0</run_address>
         <size>0x60</size>
         <input_file_ref idref="fl-116"/>
      </object_component>
      <object_component id="oc-ec">
         <name>.bios</name>
         <load_address>0x11821840</load_address>
         <run_address>0x11821840</run_address>
         <size>0x60</size>
         <input_file_ref idref="fl-a0"/>
      </object_component>
      <object_component id="oc-162">
         <name>.bios</name>
         <load_address>0x118218a0</load_address>
         <run_address>0x118218a0</run_address>
         <size>0x60</size>
         <input_file_ref idref="fl-bc"/>
      </object_component>
      <object_component id="oc-fa">
         <name>.bios</name>
         <load_address>0x11821900</load_address>
         <run_address>0x11821900</run_address>
         <size>0x60</size>
         <input_file_ref idref="fl-a4"/>
      </object_component>
      <object_component id="oc-19e">
         <name>.bios</name>
         <load_address>0x11821960</load_address>
         <run_address>0x11821960</run_address>
         <size>0x60</size>
         <input_file_ref idref="fl-cc"/>
      </object_component>
      <object_component id="oc-120">
         <name>.bios</name>
         <load_address>0x118219c0</load_address>
         <run_address>0x118219c0</run_address>
         <size>0x60</size>
         <input_file_ref idref="fl-ad"/>
      </object_component>
      <object_component id="oc-31e">
         <name>.bios</name>
         <load_address>0x11821a20</load_address>
         <run_address>0x11821a20</run_address>
         <size>0x60</size>
         <input_file_ref idref="fl-d2"/>
      </object_component>
      <object_component id="oc-139">
         <name>.bios</name>
         <load_address>0x11821a80</load_address>
         <run_address>0x11821a80</run_address>
         <size>0x60</size>
         <input_file_ref idref="fl-b4"/>
      </object_component>
      <object_component id="oc-4c">
         <name>.bios</name>
         <load_address>0x11821ae0</load_address>
         <run_address>0x11821ae0</run_address>
         <size>0x40</size>
         <input_file_ref idref="fl-94"/>
      </object_component>
      <object_component id="oc-11c">
         <name>.bios</name>
         <load_address>0x11821b20</load_address>
         <run_address>0x11821b20</run_address>
         <size>0x40</size>
         <input_file_ref idref="fl-ac"/>
      </object_component>
      <object_component id="oc-4b">
         <name>.bios</name>
         <load_address>0x11821b60</load_address>
         <run_address>0x11821b60</run_address>
         <size>0x40</size>
         <input_file_ref idref="fl-9b"/>
      </object_component>
      <object_component id="oc-52">
         <name>.bios</name>
         <load_address>0x11821ba0</load_address>
         <run_address>0x11821ba0</run_address>
         <size>0x40</size>
         <input_file_ref idref="fl-9d"/>
      </object_component>
      <object_component id="oc-12f">
         <name>.bios</name>
         <load_address>0x11821be0</load_address>
         <run_address>0x11821be0</run_address>
         <size>0x20</size>
         <input_file_ref idref="fl-b1"/>
      </object_component>
      <object_component id="oc-56">
         <name>.bios</name>
         <load_address>0x11821c00</load_address>
         <run_address>0x11821c00</run_address>
         <size>0x20</size>
         <input_file_ref idref="fl-99"/>
      </object_component>
      <object_component id="oc-152">
         <name>.bios</name>
         <load_address>0x11821c20</load_address>
         <run_address>0x11821c20</run_address>
         <size>0x20</size>
         <input_file_ref idref="fl-b9"/>
      </object_component>
      <object_component id="oc-102">
         <name>.bios</name>
         <load_address>0x11821c40</load_address>
         <run_address>0x11821c40</run_address>
         <size>0x20</size>
         <input_file_ref idref="fl-a6"/>
      </object_component>
      <object_component id="oc-1b0">
         <name>.bios</name>
         <load_address>0x11821c60</load_address>
         <run_address>0x11821c60</run_address>
         <size>0x20</size>
         <input_file_ref idref="fl-d1"/>
      </object_component>
      <object_component id="oc-55">
         <name>.bios</name>
         <load_address>0x11821c80</load_address>
         <run_address>0x11821c80</run_address>
         <size>0x20</size>
         <input_file_ref idref="fl-9c"/>
      </object_component>
      <object_component id="oc-54">
         <name>.bios</name>
         <load_address>0x11821ca0</load_address>
         <run_address>0x11821ca0</run_address>
         <size>0x20</size>
         <input_file_ref idref="fl-9e"/>
      </object_component>
      <object_component id="oc-51">
         <name>.bios</name>
         <load_address>0x11821cc0</load_address>
         <run_address>0x11821cc0</run_address>
         <size>0x20</size>
         <input_file_ref idref="fl-98"/>
      </object_component>
      <object_component id="oc-28c">
         <name>.cio</name>
         <uninitialized>true</uninitialized>
         <run_address>0x1182c800</run_address>
         <size>0x120</size>
         <input_file_ref idref="fl-10f"/>
      </object_component>
      <object_component id="oc-194">
         <name>.pinit</name>
         <load_address>0x118267d4</load_address>
         <run_address>0x118267d4</run_address>
         <size>0x4</size>
         <input_file_ref idref="fl-c9"/>
      </object_component>
      <object_component id="oc-15f">
         <name>.pinit</name>
         <load_address>0x118267d8</load_address>
         <run_address>0x118267d8</run_address>
         <size>0x4</size>
         <input_file_ref idref="fl-bb"/>
      </object_component>
      <object_component id="oc-7f">
         <name>.sys</name>
         <uninitialized>true</uninitialized>
         <run_address>0x1182b610</run_address>
         <size>0x10</size>
         <input_file_ref idref="fl-11"/>
      </object_component>
      <object_component id="oc-2d7">
         <name>.text</name>
         <load_address>0x11800000</load_address>
         <run_address>0x11800000</run_address>
         <size>0x3240</size>
         <input_file_ref idref="fl-b"/>
      </object_component>
      <object_component id="oc-2e3">
         <name>.text</name>
         <load_address>0x11803240</load_address>
         <run_address>0x11803240</run_address>
         <size>0x2640</size>
         <input_file_ref idref="fl-e"/>
      </object_component>
      <object_component id="oc-2db">
         <name>.text</name>
         <load_address>0x11805880</load_address>
         <run_address>0x11805880</run_address>
         <size>0x1420</size>
         <input_file_ref idref="fl-12"/>
      </object_component>
      <object_component id="oc-2fd">
         <name>.text</name>
         <load_address>0x11806ca0</load_address>
         <run_address>0x11806ca0</run_address>
         <size>0xf80</size>
         <input_file_ref idref="fl-b5"/>
      </object_component>
      <object_component id="oc-2e0">
         <name>.text</name>
         <load_address>0x11807c20</load_address>
         <run_address>0x11807c20</run_address>
         <size>0xaa0</size>
         <input_file_ref idref="fl-13"/>
      </object_component>
      <object_component id="oc-33b">
         <name>.text:__scanfi</name>
         <load_address>0x118086c0</load_address>
         <run_address>0x118086c0</run_address>
         <size>0x900</size>
         <input_file_ref idref="fl-11d"/>
      </object_component>
      <object_component id="oc-308">
         <name>.text</name>
         <load_address>0x11808fc0</load_address>
         <run_address>0x11808fc0</run_address>
         <size>0x720</size>
         <input_file_ref idref="fl-d"/>
      </object_component>
      <object_component id="oc-2d9">
         <name>.text</name>
         <load_address>0x118096e0</load_address>
         <run_address>0x118096e0</run_address>
         <size>0x6e0</size>
         <input_file_ref idref="fl-14"/>
      </object_component>
      <object_component id="oc-312">
         <name>.text</name>
         <load_address>0x11809dc0</load_address>
         <run_address>0x11809dc0</run_address>
         <size>0x6c0</size>
         <input_file_ref idref="fl-dd"/>
      </object_component>
      <object_component id="oc-355">
         <name>.text:__sset_arg</name>
         <load_address>0x1180a480</load_address>
         <run_address>0x1180a480</run_address>
         <size>0x620</size>
         <input_file_ref idref="fl-11d"/>
      </object_component>
      <object_component id="oc-2ff">
         <name>.text:__divd</name>
         <load_address>0x1180aaa0</load_address>
         <run_address>0x1180aaa0</run_address>
         <size>0x5a0</size>
         <input_file_ref idref="fl-e0"/>
      </object_component>
      <object_component id="oc-37a">
         <name>.text:__getarg_diouxp</name>
         <load_address>0x1180b040</load_address>
         <run_address>0x1180b040</run_address>
         <size>0x580</size>
         <input_file_ref idref="fl-fe"/>
      </object_component>
      <object_component id="oc-358">
         <name>.text:__setfield</name>
         <load_address>0x1180b5c0</load_address>
         <run_address>0x1180b5c0</run_address>
         <size>0x520</size>
         <input_file_ref idref="fl-fe"/>
      </object_component>
      <object_component id="oc-2dc">
         <name>.text</name>
         <load_address>0x1180bae0</load_address>
         <run_address>0x1180bae0</run_address>
         <size>0x4c0</size>
         <input_file_ref idref="fl-15"/>
      </object_component>
      <object_component id="oc-352">
         <name>.text:__sproc_int</name>
         <load_address>0x1180bfa0</load_address>
         <run_address>0x1180bfa0</run_address>
         <size>0x4c0</size>
         <input_file_ref idref="fl-11d"/>
      </object_component>
      <object_component id="oc-32c">
         <name>.text</name>
         <load_address>0x1180c460</load_address>
         <run_address>0x1180c460</run_address>
         <size>0x4a0</size>
         <input_file_ref idref="fl-bd"/>
      </object_component>
      <object_component id="oc-363">
         <name>.text:_strtod</name>
         <load_address>0x1180c900</load_address>
         <run_address>0x1180c900</run_address>
         <size>0x460</size>
         <input_file_ref idref="fl-11e"/>
      </object_component>
      <object_component id="oc-365">
         <name>.text:_strtol</name>
         <load_address>0x1180cd60</load_address>
         <run_address>0x1180cd60</run_address>
         <size>0x460</size>
         <input_file_ref idref="fl-11f"/>
      </object_component>
      <object_component id="oc-364">
         <name>.text:_strtold</name>
         <load_address>0x1180d1c0</load_address>
         <run_address>0x1180d1c0</run_address>
         <size>0x460</size>
         <input_file_ref idref="fl-120"/>
      </object_component>
      <object_component id="oc-366">
         <name>.text:_strtoll</name>
         <load_address>0x1180d620</load_address>
         <run_address>0x1180d620</run_address>
         <size>0x460</size>
         <input_file_ref idref="fl-121"/>
      </object_component>
      <object_component id="oc-33e">
         <name>.text:__printfi</name>
         <load_address>0x1180da80</load_address>
         <run_address>0x1180da80</run_address>
         <size>0x440</size>
         <input_file_ref idref="fl-fe"/>
      </object_component>
      <object_component id="oc-318">
         <name>.text</name>
         <load_address>0x1180dec0</load_address>
         <run_address>0x1180dec0</run_address>
         <size>0x440</size>
         <input_file_ref idref="fl-db"/>
      </object_component>
      <object_component id="oc-30a">
         <name>.text</name>
         <load_address>0x1180e300</load_address>
         <run_address>0x1180e300</run_address>
         <size>0x420</size>
         <input_file_ref idref="fl-a"/>
      </object_component>
      <object_component id="oc-361">
         <name>.text:_strtoul</name>
         <load_address>0x1180e720</load_address>
         <run_address>0x1180e720</run_address>
         <size>0x400</size>
         <input_file_ref idref="fl-122"/>
      </object_component>
      <object_component id="oc-362">
         <name>.text:_strtoull</name>
         <load_address>0x1180eb20</load_address>
         <run_address>0x1180eb20</run_address>
         <size>0x400</size>
         <input_file_ref idref="fl-123"/>
      </object_component>
      <object_component id="oc-2fe">
         <name>.text</name>
         <load_address>0x1180ef20</load_address>
         <run_address>0x1180ef20</run_address>
         <size>0x400</size>
         <input_file_ref idref="fl-be"/>
      </object_component>
      <object_component id="oc-316">
         <name>.text</name>
         <load_address>0x1180f320</load_address>
         <run_address>0x1180f320</run_address>
         <size>0x400</size>
         <input_file_ref idref="fl-d0"/>
      </object_component>
      <object_component id="oc-35b">
         <name>.text:_fputs</name>
         <load_address>0x1180f720</load_address>
         <run_address>0x1180f720</run_address>
         <size>0x3a0</size>
         <input_file_ref idref="fl-107"/>
      </object_component>
      <object_component id="oc-350">
         <name>.text:__sget_conv</name>
         <load_address>0x1180fac0</load_address>
         <run_address>0x1180fac0</run_address>
         <size>0x340</size>
         <input_file_ref idref="fl-11d"/>
      </object_component>
      <object_component id="oc-367">
         <name>.text:__pproc_fge</name>
         <load_address>0x1180fe00</load_address>
         <run_address>0x1180fe00</run_address>
         <size>0x320</size>
         <input_file_ref idref="fl-fe"/>
      </object_component>
      <object_component id="oc-2fb">
         <name>.text</name>
         <load_address>0x11810120</load_address>
         <run_address>0x11810120</run_address>
         <size>0x300</size>
         <input_file_ref idref="fl-ba"/>
      </object_component>
      <object_component id="oc-351">
         <name>.text:__sproc_float</name>
         <load_address>0x11810420</load_address>
         <run_address>0x11810420</run_address>
         <size>0x2e0</size>
         <input_file_ref idref="fl-11d"/>
      </object_component>
      <object_component id="oc-319">
         <name>.text:_cos</name>
         <load_address>0x11810700</load_address>
         <run_address>0x11810700</run_address>
         <size>0x2e0</size>
         <input_file_ref idref="fl-ef"/>
      </object_component>
      <object_component id="oc-357">
         <name>.text:__pproc_fwp</name>
         <load_address>0x118109e0</load_address>
         <run_address>0x118109e0</run_address>
         <size>0x2c0</size>
         <input_file_ref idref="fl-fe"/>
      </object_component>
      <object_component id="oc-302">
         <name>.text:_fmodf</name>
         <load_address>0x11810ca0</load_address>
         <run_address>0x11810ca0</run_address>
         <size>0x2c0</size>
         <input_file_ref idref="fl-f6"/>
      </object_component>
      <object_component id="oc-380">
         <name>.text:_ecvt</name>
         <load_address>0x11810f60</load_address>
         <run_address>0x11810f60</run_address>
         <size>0x2a0</size>
         <input_file_ref idref="fl-fe"/>
      </object_component>
      <object_component id="oc-383">
         <name>.text:_fcvt</name>
         <load_address>0x11811200</load_address>
         <run_address>0x11811200</run_address>
         <size>0x2a0</size>
         <input_file_ref idref="fl-fe"/>
      </object_component>
      <object_component id="oc-303">
         <name>.text:__divf</name>
         <load_address>0x118114a0</load_address>
         <run_address>0x118114a0</run_address>
         <size>0x280</size>
         <input_file_ref idref="fl-e1"/>
      </object_component>
      <object_component id="oc-31a">
         <name>.text:_sin</name>
         <load_address>0x11811720</load_address>
         <run_address>0x11811720</run_address>
         <size>0x280</size>
         <input_file_ref idref="fl-118"/>
      </object_component>
      <object_component id="oc-36d">
         <name>.text:__divull</name>
         <load_address>0x118119a0</load_address>
         <run_address>0x118119a0</run_address>
         <size>0x260</size>
         <input_file_ref idref="fl-100"/>
      </object_component>
      <object_component id="oc-379">
         <name>.text:__pconv_e</name>
         <load_address>0x11811c00</load_address>
         <run_address>0x11811c00</run_address>
         <size>0x260</size>
         <input_file_ref idref="fl-fe"/>
      </object_component>
      <object_component id="oc-368">
         <name>.text:__pproc_diouxp</name>
         <load_address>0x11811e60</load_address>
         <run_address>0x11811e60</run_address>
         <size>0x240</size>
         <input_file_ref idref="fl-fe"/>
      </object_component>
      <object_component id="oc-307">
         <name>.text:_sinf</name>
         <load_address>0x118120a0</load_address>
         <run_address>0x118120a0</run_address>
         <size>0x240</size>
         <input_file_ref idref="fl-119"/>
      </object_component>
      <object_component id="oc-359">
         <name>.text:__pproc_str</name>
         <load_address>0x118122e0</load_address>
         <run_address>0x118122e0</run_address>
         <size>0x220</size>
         <input_file_ref idref="fl-fe"/>
      </object_component>
      <object_component id="oc-306">
         <name>.text:_cosf</name>
         <load_address>0x11812500</load_address>
         <run_address>0x11812500</run_address>
         <size>0x220</size>
         <input_file_ref idref="fl-f2"/>
      </object_component>
      <object_component id="oc-35c">
         <name>.text:_fputc</name>
         <load_address>0x11812720</load_address>
         <run_address>0x11812720</run_address>
         <size>0x220</size>
         <input_file_ref idref="fl-104"/>
      </object_component>
      <object_component id="oc-377">
         <name>.text:__pconv_g</name>
         <load_address>0x11812940</load_address>
         <run_address>0x11812940</run_address>
         <size>0x200</size>
         <input_file_ref idref="fl-fe"/>
      </object_component>
      <object_component id="oc-37d">
         <name>.text:_setvbuf</name>
         <load_address>0x11812b40</load_address>
         <run_address>0x11812b40</run_address>
         <size>0x200</size>
         <input_file_ref idref="fl-110"/>
      </object_component>
      <object_component id="oc-2fc">
         <name>.text</name>
         <load_address>0x11812d40</load_address>
         <run_address>0x11812d40</run_address>
         <size>0x1e0</size>
         <input_file_ref idref="fl-dc"/>
      </object_component>
      <object_component id="oc-382">
         <name>.text:__mcpy</name>
         <load_address>0x11812f20</load_address>
         <run_address>0x11812f20</run_address>
         <size>0x1c0</size>
         <input_file_ref idref="fl-fe"/>
      </object_component>
      <object_component id="oc-309">
         <name>.text</name>
[...]
         <object_component_ref idref="oc-1d0"/>
      </symbol>
      <symbol id="sm-1210">
         <name>__TSK_mutex</name>
         <value>0x1181d634</value>
         <object_component_ref idref="oc-1d0"/>
      </symbol>
      <symbol id="sm-1211">
         <name>_TSK_startup</name>
         <value>0x11821184</value>
         <object_component_ref idref="oc-2ea"/>
      </symbol>
      <symbol id="sm-121e">
         <name>_LCK_pend</name>
         <value>0x11821600</value>
         <object_component_ref idref="oc-31f"/>
      </symbol>
      <symbol id="sm-121f">
         <name>_LCK_post</name>
         <value>0x118215e0</value>
         <object_component_ref idref="oc-31f"/>
      </symbol>
      <symbol id="sm-1272">
         <name>_UART_txArray</name>
         <value>0x1180df10</value>
         <object_component_ref idref="oc-318"/>
      </symbol>
      <symbol id="sm-1273">
         <name>_UART_txString</name>
         <value>0x1180e074</value>
         <object_component_ref idref="oc-318"/>
      </symbol>
      <symbol id="sm-1274">
         <name>_UART_txByte</name>
         <value>0x1180dec0</value>
         <object_component_ref idref="oc-318"/>
      </symbol>
      <symbol id="sm-1275">
         <name>_UART_rxByte</name>
         <value>0x1180e0e0</value>
         <object_component_ref idref="oc-318"/>
      </symbol>
      <symbol id="sm-1276">
         <name>_UART_txUint8</name>
         <value>0x1180df98</value>
         <object_component_ref idref="oc-318"/>
      </symbol>
      <symbol id="sm-1277">
         <name>_UART_init</name>
         <value>0x1180e100</value>
         <object_component_ref idref="oc-318"/>
      </symbol>
      <symbol id="sm-1278">
         <name>_UART_txUint32</name>
         <value>0x1180dfe0</value>
         <object_component_ref idref="oc-318"/>
      </symbol>
      <symbol id="sm-1289">
         <name>_USTIMER_get</name>
         <value>0x11812e70</value>
         <object_component_ref idref="oc-2fc"/>
      </symbol>
      <symbol id="sm-128a">
         <name>_USTIMER_delay</name>
         <value>0x11812e9c</value>
         <object_component_ref idref="oc-2fc"/>
      </symbol>
      <symbol id="sm-128b">
         <name>_USTIMER_set</name>
         <value>0x11812d40</value>
         <object_component_ref idref="oc-2fc"/>
      </symbol>
      <symbol id="sm-128c">
         <name>_USTIMER_init</name>
         <value>0x11812d8c</value>
         <object_component_ref idref="oc-2fc"/>
      </symbol>
      <symbol id="sm-128d">
         <name>_USTIMER_reset</name>
         <value>0x11812d54</value>
         <object_component_ref idref="oc-2fc"/>
      </symbol>
      <symbol id="sm-12b2">
         <name>_VPIF_initReceive</name>
         <value>0x1180a14c</value>
         <object_component_ref idref="oc-312"/>
      </symbol>
      <symbol id="sm-12b3">
         <name>_VPIF_initReceive_withPRU</name>
         <value>0x11809fd8</value>
         <object_component_ref idref="oc-312"/>
      </symbol>
      <symbol id="sm-12b4">
         <name>_VPIF_initTransmit</name>
         <value>0x11809dc0</value>
         <object_component_ref idref="oc-312"/>
      </symbol>
      <symbol id="sm-12c6">
         <name>__SEM_dopost</name>
         <value>0x11820300</value>
         <object_component_ref idref="oc-2e4"/>
      </symbol>
      <symbol id="sm-12d9">
         <name>__auto_init</name>
         <value>0x11820ae0</value>
         <object_component_ref idref="oc-2d6"/>
      </symbol>
      <symbol id="sm-12eb">
         <name>__divd</name>
         <value>0x1180aaa0</value>
         <object_component_ref idref="oc-2ff"/>
      </symbol>
      <symbol id="sm-12fb">
         <name>__divf</name>
         <value>0x118114a0</value>
         <object_component_ref idref="oc-303"/>
      </symbol>
      <symbol id="sm-1304">
         <name>__c6xabi_divi</name>
         <value>0x118149e0</value>
         <object_component_ref idref="oc-310"/>
      </symbol>
      <symbol id="sm-1305">
         <name>__divi</name>
         <value>0x118149e0</value>
         <object_component_ref idref="oc-310"/>
      </symbol>
      <symbol id="sm-130e">
         <name>__c6xabi_divu</name>
         <value>0x11815240</value>
         <object_component_ref idref="oc-340"/>
      </symbol>
      <symbol id="sm-130f">
         <name>__divu</name>
         <value>0x11815240</value>
         <object_component_ref idref="oc-340"/>
      </symbol>
      <symbol id="sm-1319">
         <name>__frcmpyd_div</name>
         <value>0x11816460</value>
         <object_component_ref idref="oc-32e"/>
      </symbol>
      <symbol id="sm-1327">
         <name>__llshl</name>
         <value>0x11815ea0</value>
         <object_component_ref idref="oc-37e"/>
      </symbol>
      <symbol id="sm-1328">
         <name>__llshru</name>
         <value>0x118164a0</value>
         <object_component_ref idref="oc-32d"/>
      </symbol>
      <symbol id="sm-133a">
         <name>__unlock</name>
         <value>0x1181d7bc</value>
         <object_component_ref idref="oc-1fe"/>
      </symbol>
      <symbol id="sm-133b">
         <name>__lock</name>
         <value>0x1181d7b8</value>
         <object_component_ref idref="oc-1fe"/>
      </symbol>
      <symbol id="sm-133c">
         <name>__register_lock</name>
         <value>0x118166c0</value>
         <object_component_ref idref="oc-320"/>
      </symbol>
      <symbol id="sm-133d">
         <name>__nop</name>
         <value>0x11816620</value>
         <object_component_ref idref="oc-2f2"/>
      </symbol>
      <symbol id="sm-133e">
         <name>__register_unlock</name>
         <value>0x118166e0</value>
         <object_component_ref idref="oc-321"/>
      </symbol>
      <symbol id="sm-1350">
         <name>__divul</name>
         <value>0x11813280</value>
         <object_component_ref idref="oc-34b"/>
      </symbol>
      <symbol id="sm-1351">
         <name>__remli</name>
         <value>0x11816560</value>
         <object_component_ref idref="oc-304"/>
      </symbol>
      <symbol id="sm-1352">
         <name>__remul</name>
         <value>0x118165a0</value>
         <object_component_ref idref="oc-373"/>
      </symbol>
      <symbol id="sm-1353">
         <name>__divli</name>
         <value>0x11815740</value>
         <object_component_ref idref="oc-333"/>
      </symbol>
      <symbol id="sm-1362">
         <name>_atan2f</name>
         <value>0x11813fc0</value>
         <object_component_ref idref="oc-335"/>
      </symbol>
      <symbol id="sm-1373">
         <name>_atanf</name>
         <value>0x11814ac0</value>
         <object_component_ref idref="oc-34e"/>
      </symbol>
      <symbol id="sm-1387">
         <name>_atexit</name>
         <value>0x118153c0</value>
         <object_component_ref idref="oc-326"/>
      </symbol>
      <symbol id="sm-1388">
         <name>___atexit_func_id__</name>
         <value>0x1181d098</value>
         <object_component_ref idref="oc-20e"/>
      </symbol>
      <symbol id="sm-13a0">
         <name>_dtors</name>
         <value>0x1181d684</value>
         <object_component_ref idref="oc-213"/>
      </symbol>
      <symbol id="sm-13a1">
         <name>_call_dtors</name>
         <value>0x11814520</value>
         <object_component_ref idref="oc-35a"/>
      </symbol>
      <symbol id="sm-13a2">
         <name>___add_dtor</name>
         <value>0x118163a0</value>
         <object_component_ref idref="oc-348"/>
      </symbol>
      <symbol id="sm-13ae">
         <name>___TI_enable_exit_profile_output</name>
         <value>0x1181d7b4</value>
         <object_component_ref idref="oc-218"/>
      </symbol>
      <symbol id="sm-13af">
         <name>__cleanup_ptr</name>
         <value>0x1181d7ac</value>
         <object_component_ref idref="oc-218"/>
      </symbol>
      <symbol id="sm-13b0">
         <name>__dtors_ptr</name>
         <value>0x1181d7b0</value>
         <object_component_ref idref="oc-218"/>
      </symbol>
      <symbol id="sm-13be">
         <name>_atoi</name>
         <value>0x11814ba0</value>
         <object_component_ref idref="oc-31c"/>
      </symbol>
      <symbol id="sm-13c6">
         <name>__ctypes_</name>
         <value>0x1182b118</value>
         <object_component_ref idref="oc-344"/>
      </symbol>
      <symbol id="sm-13dc">
         <name>_cos</name>
         <value>0x11810700</value>
         <object_component_ref idref="oc-319"/>
      </symbol>
      <symbol id="sm-13e6">
         <name>__nround</name>
         <value>0x118159c0</value>
         <object_component_ref idref="oc-342"/>
      </symbol>
      <symbol id="sm-13f0">
         <name>__trunc</name>
         <value>0x11816700</value>
         <object_component_ref idref="oc-341"/>
      </symbol>
      <symbol id="sm-1405">
         <name>_cosf</name>
         <value>0x11812500</value>
         <object_component_ref idref="oc-306"/>
      </symbol>
      <symbol id="sm-140f">
         <name>__roundf</name>
         <value>0x11815f20</value>
         <object_component_ref idref="oc-331"/>
      </symbol>
      <symbol id="sm-1419">
         <name>__truncf</name>
         <value>0x11816720</value>
         <object_component_ref idref="oc-332"/>
      </symbol>
      <symbol id="sm-1423">
         <name>_errno</name>
         <value>0x1181d27c</value>
         <object_component_ref idref="oc-238"/>
      </symbol>
      <symbol id="sm-1439">
         <name>_fmodf</name>
         <value>0x11810ca0</value>
         <object_component_ref idref="oc-302"/>
      </symbol>
      <symbol id="sm-1448">
         <name>_frexpf</name>
         <value>0x11814d60</value>
         <object_component_ref idref="oc-32f"/>
      </symbol>
      <symbol id="sm-1456">
         <name>_ldexpf</name>
         <value>0x11814200</value>
         <object_component_ref idref="oc-330"/>
      </symbol>
      <symbol id="sm-145e">
         <name>_memcpy</name>
         <value>0x11815c40</value>
         <object_component_ref idref="oc-2fa"/>
      </symbol>
      <symbol id="sm-146a">
         <name>_modf</name>
         <value>0x11815ce0</value>
         <object_component_ref idref="oc-343"/>
      </symbol>
      <symbol id="sm-1475">
         <name>_modff</name>
         <value>0x118161c0</value>
         <object_component_ref idref="oc-300"/>
      </symbol>
      <symbol id="sm-148a">
         <name>_printf</name>
         <value>0x11814f20</value>
         <object_component_ref idref="oc-32b"/>
      </symbol>
      <symbol id="sm-1494">
         <name>__tmpnams</name>
         <value>0x1181cf50</value>
         <object_component_ref idref="oc-251"/>
      </symbol>
      <symbol id="sm-1495">
         <name>__ft_end</name>
         <value>0x1181d090</value>
         <object_component_ref idref="oc-251"/>
      </symbol>
      <symbol id="sm-1496">
         <name>__ftable</name>
         <value>0x1181cd70</value>
         <object_component_ref idref="oc-251"/>
      </symbol>
      <symbol id="sm-159f">
         <name>__printfi</name>
         <value>0x1180da80</value>
         <object_component_ref idref="oc-33e"/>
      </symbol>
      <symbol id="sm-15a9">
         <name>___isinf</name>
         <value>0x118163e0</value>
         <object_component_ref idref="oc-376"/>
      </symbol>
      <symbol id="sm-15bf">
         <name>__subcull</name>
         <value>0x11816100</value>
         <object_component_ref idref="oc-37f"/>
      </symbol>
      <symbol id="sm-15c0">
         <name>__divull</name>
         <value>0x118119a0</value>
         <object_component_ref idref="oc-36d"/>
      </symbol>
      <symbol id="sm-15c1">
         <name>__remull</name>
         <value>0x118160a0</value>
         <object_component_ref idref="oc-374"/>
      </symbol>
      <symbol id="sm-15ce">
         <name>__fixdli</name>
         <value>0x11815920</value>
         <object_component_ref idref="oc-389"/>
      </symbol>
      <symbol id="sm-15d9">
         <name>__fltlid</name>
         <value>0x11815e20</value>
         <object_component_ref idref="oc-38b"/>
      </symbol>
      <symbol id="sm-15e3">
         <name>__negll</name>
         <value>0x11816600</value>
         <object_component_ref idref="oc-36e"/>
      </symbol>
      <symbol id="sm-15fe">
         <name>_putc</name>
         <value>0x11812720</value>
         <object_component_ref idref="oc-35c"/>
      </symbol>
      <symbol id="sm-15ff">
         <name>_fputc</name>
         <value>0x11812720</value>
         <object_component_ref idref="oc-35c"/>
      </symbol>
      <symbol id="sm-160c">
         <name>__doflush</name>
         <value>0x11815300</value>
         <object_component_ref idref="oc-36b"/>
      </symbol>
      <symbol id="sm-161b">
         <name>__wrt_ok</name>
         <value>0x11814420</value>
         <object_component_ref idref="oc-36a"/>
      </symbol>
      <symbol id="sm-163d">
         <name>_fputs</name>
         <value>0x1180f720</value>
         <object_component_ref idref="oc-35b"/>
      </symbol>
      <symbol id="sm-164e">
         <name>_fseek</name>
         <value>0x118140e0</value>
         <object_component_ref idref="oc-37c"/>
      </symbol>
      <symbol id="sm-1692">
         <name>_unlink</name>
         <value>0x11816020</value>
         <object_component_ref idref="oc-392"/>
      </symbol>
      <symbol id="sm-1693">
         <name>_lseek</name>
         <value>0x11815ba0</value>
         <object_component_ref idref="oc-386"/>
      </symbol>
      <symbol id="sm-1694">
         <name>_close</name>
         <value>0x11814c80</value>
         <object_component_ref idref="oc-390"/>
      </symbol>
      <symbol id="sm-1695">
         <name>_write</name>
         <value>0x11815d80</value>
         <object_component_ref idref="oc-36c"/>
      </symbol>
      <symbol id="sm-16be">
         <name>_HOSTopen</name>
         <value>0x11814820</value>
         <object_component_ref idref="oc-2f3"/>
      </symbol>
      <symbol id="sm-16bf">
         <name>_HOSTread</name>
         <value>0x11814900</value>
         <object_component_ref idref="oc-2f5"/>
      </symbol>
      <symbol id="sm-16c0">
         <name>_HOSTrename</name>
         <value>0x118135c0</value>
         <object_component_ref idref="oc-2f9"/>
      </symbol>
      <symbol id="sm-16c1">
         <name>_HOSTwrite</name>
         <value>0x118150c0</value>
         <object_component_ref idref="oc-2f6"/>
      </symbol>
      <symbol id="sm-16c2">
         <name>_HOSTlseek</name>
         <value>0x11814320</value>
         <object_component_ref idref="oc-2f7"/>
      </symbol>
      <symbol id="sm-16c3">
         <name>_HOSTunlink</name>
         <value>0x11815000</value>
         <object_component_ref idref="oc-2f8"/>
      </symbol>
      <symbol id="sm-16c4">
         <name>_HOSTclose</name>
         <value>0x11815600</value>
         <object_component_ref idref="oc-2f4"/>
      </symbol>
      <symbol id="sm-16d1">
         <name>_ltoa</name>
         <value>0x11815480</value>
         <object_component_ref idref="oc-38a"/>
      </symbol>
      <symbol id="sm-16de">
         <name>_memccpy</name>
         <value>0x11816160</value>
         <object_component_ref idref="oc-369"/>
      </symbol>
      <symbol id="sm-16e9">
         <name>_memset</name>
         <value>0x11814e40</value>
         <object_component_ref idref="oc-34f"/>
      </symbol>
      <symbol id="sm-16f9">
         <name>C$$IO$$</name>
         <value>0x11816398</value>
         <object_component_ref idref="oc-327"/>
      </symbol>
      <symbol id="sm-16fa">
         <name>__CIOBUF_</name>
         <value>0x1182c800</value>
         <object_component_ref idref="oc-28c"/>
      </symbol>
      <symbol id="sm-16fb">
         <name>_readmsg</name>
         <value>0x11815fa0</value>
         <object_component_ref idref="oc-328"/>
      </symbol>
      <symbol id="sm-16fc">
         <name>_writemsg</name>
         <value>0x11816340</value>
         <object_component_ref idref="oc-327"/>
      </symbol>
      <symbol id="sm-1713">
         <name>_setvbuf</name>
         <value>0x11812b40</value>
         <object_component_ref idref="oc-37d"/>
      </symbol>
      <symbol id="sm-1726">
         <name>__cleanup</name>
         <value>0x118156a0</value>
         <object_component_ref idref="oc-388"/>
      </symbol>
      <symbol id="sm-1738">
         <name>__closefile</name>
         <value>0x11813c60</value>
         <object_component_ref idref="oc-38e"/>
      </symbol>
      <symbol id="sm-1754">
         <name>_free</name>
         <value>0x1181f040</value>
         <object_component_ref idref="oc-387"/>
      </symbol>
      <symbol id="sm-1755">
         <name>_calloc</name>
         <value>0x1181f26c</value>
         <object_component_ref idref="oc-387"/>
      </symbol>
      <symbol id="sm-1756">
         <name>_memalign</name>
         <value>0x1181f1a8</value>
         <object_component_ref idref="oc-387"/>
      </symbol>
      <symbol id="sm-1757">
         <name>_realloc</name>
         <value>0x1181f0c4</value>
         <object_component_ref idref="oc-387"/>
      </symbol>
      <symbol id="sm-1758">
         <name>_malloc</name>
         <value>0x1181f064</value>
         <object_component_ref idref="oc-387"/>
      </symbol>
      <symbol id="sm-176f">
         <name>_MEM_alloc</name>
         <value>0x1181f780</value>
         <object_component_ref idref="oc-38d"/>
      </symbol>
      <symbol id="sm-1781">
         <name>_MEM_free</name>
         <value>0x1181fb80</value>
         <object_component_ref idref="oc-38c"/>
      </symbol>
      <symbol id="sm-178c">
         <name>_SYS_error</name>
         <value>0x118217e0</value>
         <object_component_ref idref="oc-38f"/>
      </symbol>
      <symbol id="sm-1796">
         <name>_remove</name>
         <value>0x11816760</value>
         <object_component_ref idref="oc-391"/>
      </symbol>
      <symbol id="sm-17ab">
         <name>_sin</name>
         <value>0x11811720</value>
         <object_component_ref idref="oc-31a"/>
      </symbol>
      <symbol id="sm-17bf">
         <name>_sinf</name>
         <value>0x118120a0</value>
         <object_component_ref idref="oc-307"/>
      </symbol>
      <symbol id="sm-17cf">
         <name>_sprintf</name>
         <value>0x11816220</value>
         <object_component_ref idref="oc-30d"/>
      </symbol>
      <symbol id="sm-17da">
         <name>_sqrtf</name>
         <value>0x11814620</value>
         <object_component_ref idref="oc-336"/>
      </symbol>
      <symbol id="sm-17f4">
         <name>_sscanf</name>
         <value>0x11816280</value>
         <object_component_ref idref="oc-30c"/>
      </symbol>
      <symbol id="sm-18cc">
         <name>__scanfi</name>
         <value>0x118086c0</value>
         <object_component_ref idref="oc-33b"/>
      </symbol>
      <symbol id="sm-18f1">
         <name>_strtod</name>
         <value>0x1180c900</value>
         <object_component_ref idref="oc-363"/>
      </symbol>
      <symbol id="sm-1909">
         <name>_strtol</name>
         <value>0x1180cd60</value>
         <object_component_ref idref="oc-365"/>
      </symbol>
      <symbol id="sm-192e">
         <name>_strtold</name>
         <value>0x1180d1c0</value>
         <object_component_ref idref="oc-364"/>
      </symbol>
      <symbol id="sm-1949">
         <name>_strtoll</name>
         <value>0x1180d620</value>
         <object_component_ref idref="oc-366"/>
      </symbol>
      <symbol id="sm-1961">
         <name>_strtoul</name>
         <value>0x1180e720</value>
         <object_component_ref idref="oc-361"/>
      </symbol>
      <symbol id="sm-197d">
         <name>_strtoull</name>
         <value>0x1180eb20</value>
         <object_component_ref idref="oc-362"/>
      </symbol>
      <symbol id="sm-198d">
         <name>_vsprintf</name>
         <value>0x118162e0</value>
         <object_component_ref idref="oc-334"/>
      </symbol>
   </symbol_table>
</link_info>
